../Core/Src/Game.c:15:6:Game_Init	8	static
../Core/Src/Game.c:22:6:ConnectFour_ResetGame	16	static
../Core/Src/Game.c:36:6:ConnectFour_GameLoop	8	static
../Core/Src/Game.c:48:6:ConnectFour_ProcessInput	24	static
../Core/Src/Game.c:99:6:ConnectFour_DrawPiece	16	static
../Core/Src/Game.c:109:6:ConnectFour_DrawBoard	24	static
../Core/Src/Game.c:124:6:ConnectFour_GameOver	16	static
../Core/Src/Game.c:202:9:ConnectFour_DropPiece	24	static
../Core/Src/Game.c:212:16:CheckPotentialWin	48	static
../Core/Src/Game.c:282:16:CountPiecesInRow	80	static
../Core/Src/Game.c:338:6:ConnectFour_ComputerMove	48	static
../Core/Src/Game.c:416:9:ConnectFour_CheckWin	40	static
../Core/Src/Game.c:452:9:ConnectFour_CheckDraw	16	static
../Core/Src/Game.c:463:9:ConnectFour_GetGameTime	16	static
