Archive member included to satisfy reference by file (symbol)

C:/ST/STM32CubeIDE_1.17.0/STM32CubeIDE/plugins/com.st.stm32cube.ide.mcu.externaltools.gnu-tools-for-stm32.12.3.rel1.win32_1.1.0.202410251130/tools/bin/../lib/gcc/arm-none-eabi/12.3.1/../../../../arm-none-eabi/lib/thumb/v7e-m+fp/hard\libc_nano.a(libc_a-exit.o)
                              C:/ST/STM32CubeIDE_1.17.0/STM32CubeIDE/plugins/com.st.stm32cube.ide.mcu.externaltools.gnu-tools-for-stm32.12.3.rel1.win32_1.1.0.202410251130/tools/bin/../lib/gcc/arm-none-eabi/12.3.1/../../../../arm-none-eabi/lib/thumb/v7e-m+fp/hard/crt0.o (exit)
C:/ST/STM32CubeIDE_1.17.0/STM32CubeIDE/plugins/com.st.stm32cube.ide.mcu.externaltools.gnu-tools-for-stm32.12.3.rel1.win32_1.1.0.202410251130/tools/bin/../lib/gcc/arm-none-eabi/12.3.1/../../../../arm-none-eabi/lib/thumb/v7e-m+fp/hard\libc_nano.a(libc_a-findfp.o)
                              C:/ST/STM32CubeIDE_1.17.0/STM32CubeIDE/plugins/com.st.stm32cube.ide.mcu.externaltools.gnu-tools-for-stm32.12.3.rel1.win32_1.1.0.202410251130/tools/bin/../lib/gcc/arm-none-eabi/12.3.1/../../../../arm-none-eabi/lib/thumb/v7e-m+fp/hard\libc_nano.a(libc_a-exit.o) (__stdio_exit_handler)
C:/ST/STM32CubeIDE_1.17.0/STM32CubeIDE/plugins/com.st.stm32cube.ide.mcu.externaltools.gnu-tools-for-stm32.12.3.rel1.win32_1.1.0.202410251130/tools/bin/../lib/gcc/arm-none-eabi/12.3.1/../../../../arm-none-eabi/lib/thumb/v7e-m+fp/hard\libc_nano.a(libc_a-fwalk.o)
                              C:/ST/STM32CubeIDE_1.17.0/STM32CubeIDE/plugins/com.st.stm32cube.ide.mcu.externaltools.gnu-tools-for-stm32.12.3.rel1.win32_1.1.0.202410251130/tools/bin/../lib/gcc/arm-none-eabi/12.3.1/../../../../arm-none-eabi/lib/thumb/v7e-m+fp/hard\libc_nano.a(libc_a-findfp.o) (_fwalk_sglue)
C:/ST/STM32CubeIDE_1.17.0/STM32CubeIDE/plugins/com.st.stm32cube.ide.mcu.externaltools.gnu-tools-for-stm32.12.3.rel1.win32_1.1.0.202410251130/tools/bin/../lib/gcc/arm-none-eabi/12.3.1/../../../../arm-none-eabi/lib/thumb/v7e-m+fp/hard\libc_nano.a(libc_a-printf.o)
                              ./Core/Src/ApplicationCode.o (printf)
C:/ST/STM32CubeIDE_1.17.0/STM32CubeIDE/plugins/com.st.stm32cube.ide.mcu.externaltools.gnu-tools-for-stm32.12.3.rel1.win32_1.1.0.202410251130/tools/bin/../lib/gcc/arm-none-eabi/12.3.1/../../../../arm-none-eabi/lib/thumb/v7e-m+fp/hard\libc_nano.a(libc_a-puts.o)
                              ./Core/Src/ApplicationCode.o (puts)
C:/ST/STM32CubeIDE_1.17.0/STM32CubeIDE/plugins/com.st.stm32cube.ide.mcu.externaltools.gnu-tools-for-stm32.12.3.rel1.win32_1.1.0.202410251130/tools/bin/../lib/gcc/arm-none-eabi/12.3.1/../../../../arm-none-eabi/lib/thumb/v7e-m+fp/hard\libc_nano.a(libc_a-stdio.o)
                              C:/ST/STM32CubeIDE_1.17.0/STM32CubeIDE/plugins/com.st.stm32cube.ide.mcu.externaltools.gnu-tools-for-stm32.12.3.rel1.win32_1.1.0.202410251130/tools/bin/../lib/gcc/arm-none-eabi/12.3.1/../../../../arm-none-eabi/lib/thumb/v7e-m+fp/hard\libc_nano.a(libc_a-findfp.o) (__sread)
C:/ST/STM32CubeIDE_1.17.0/STM32CubeIDE/plugins/com.st.stm32cube.ide.mcu.externaltools.gnu-tools-for-stm32.12.3.rel1.win32_1.1.0.202410251130/tools/bin/../lib/gcc/arm-none-eabi/12.3.1/../../../../arm-none-eabi/lib/thumb/v7e-m+fp/hard\libc_nano.a(libc_a-wbuf.o)
                              C:/ST/STM32CubeIDE_1.17.0/STM32CubeIDE/plugins/com.st.stm32cube.ide.mcu.externaltools.gnu-tools-for-stm32.12.3.rel1.win32_1.1.0.202410251130/tools/bin/../lib/gcc/arm-none-eabi/12.3.1/../../../../arm-none-eabi/lib/thumb/v7e-m+fp/hard\libc_nano.a(libc_a-puts.o) (__swbuf_r)
C:/ST/STM32CubeIDE_1.17.0/STM32CubeIDE/plugins/com.st.stm32cube.ide.mcu.externaltools.gnu-tools-for-stm32.12.3.rel1.win32_1.1.0.202410251130/tools/bin/../lib/gcc/arm-none-eabi/12.3.1/../../../../arm-none-eabi/lib/thumb/v7e-m+fp/hard\libc_nano.a(libc_a-wsetup.o)
                              C:/ST/STM32CubeIDE_1.17.0/STM32CubeIDE/plugins/com.st.stm32cube.ide.mcu.externaltools.gnu-tools-for-stm32.12.3.rel1.win32_1.1.0.202410251130/tools/bin/../lib/gcc/arm-none-eabi/12.3.1/../../../../arm-none-eabi/lib/thumb/v7e-m+fp/hard\libc_nano.a(libc_a-puts.o) (__swsetup_r)
C:/ST/STM32CubeIDE_1.17.0/STM32CubeIDE/plugins/com.st.stm32cube.ide.mcu.externaltools.gnu-tools-for-stm32.12.3.rel1.win32_1.1.0.202410251130/tools/bin/../lib/gcc/arm-none-eabi/12.3.1/../../../../arm-none-eabi/lib/thumb/v7e-m+fp/hard\libc_nano.a(libc_a-memset.o)
                              C:/ST/STM32CubeIDE_1.17.0/STM32CubeIDE/plugins/com.st.stm32cube.ide.mcu.externaltools.gnu-tools-for-stm32.12.3.rel1.win32_1.1.0.202410251130/tools/bin/../lib/gcc/arm-none-eabi/12.3.1/../../../../arm-none-eabi/lib/thumb/v7e-m+fp/hard/crt0.o (memset)
C:/ST/STM32CubeIDE_1.17.0/STM32CubeIDE/plugins/com.st.stm32cube.ide.mcu.externaltools.gnu-tools-for-stm32.12.3.rel1.win32_1.1.0.202410251130/tools/bin/../lib/gcc/arm-none-eabi/12.3.1/../../../../arm-none-eabi/lib/thumb/v7e-m+fp/hard\libc_nano.a(libc_a-closer.o)
[...]
Memory Configuration

Name             Origin             Length             Attributes
CCMRAM           0x10000000         0x00010000         xrw
RAM              0x20000000         0x00030000         xrw
FLASH            0x08000000         0x00200000         xr
*default*        0x00000000         0xffffffff

Linker script and memory map

LOAD C:/ST/STM32CubeIDE_1.17.0/STM32CubeIDE/plugins/com.st.stm32cube.ide.mcu.externaltools.gnu-tools-for-stm32.12.3.rel1.win32_1.1.0.202410251130/tools/bin/../lib/gcc/arm-none-eabi/12.3.1/thumb/v7e-m+fp/hard/crti.o
LOAD C:/ST/STM32CubeIDE_1.17.0/STM32CubeIDE/plugins/com.st.stm32cube.ide.mcu.externaltools.gnu-tools-for-stm32.12.3.rel1.win32_1.1.0.202410251130/tools/bin/../lib/gcc/arm-none-eabi/12.3.1/thumb/v7e-m+fp/hard/crtbegin.o
LOAD C:/ST/STM32CubeIDE_1.17.0/STM32CubeIDE/plugins/com.st.stm32cube.ide.mcu.externaltools.gnu-tools-for-stm32.12.3.rel1.win32_1.1.0.202410251130/tools/bin/../lib/gcc/arm-none-eabi/12.3.1/../../../../arm-none-eabi/lib/thumb/v7e-m+fp/hard/crt0.o
LOAD ./Core/Src/ApplicationCode.o
LOAD ./Core/Src/Button_Driver.o
LOAD ./Core/Src/Game.o
LOAD ./Core/Src/InterruptControl.o
LOAD ./Core/Src/LCD_Driver.o
LOAD ./Core/Src/fonts.o
LOAD ./Core/Src/ili9341.o
LOAD ./Core/Src/main.o
LOAD ./Core/Src/stm32f4xx_hal_msp.o
LOAD ./Core/Src/stm32f4xx_it.o
LOAD ./Core/Src/stmpe811.o
LOAD ./Core/Src/syscalls.o
LOAD ./Core/Src/sysmem.o
LOAD ./Core/Src/system_stm32f4xx.o
LOAD ./Core/Startup/startup_stm32f429zitx.o
LOAD ./Drivers/STM32F4xx_HAL_Driver/Src/stm32f4xx_hal.o
LOAD ./Drivers/STM32F4xx_HAL_Driver/Src/stm32f4xx_hal_cortex.o
LOAD ./Drivers/STM32F4xx_HAL_Driver/Src/stm32f4xx_hal_dma.o
LOAD ./Drivers/STM32F4xx_HAL_Driver/Src/stm32f4xx_hal_dma_ex.o
LOAD ./Drivers/STM32F4xx_HAL_Driver/Src/stm32f4xx_hal_dsi.o
LOAD ./Drivers/STM32F4xx_HAL_Driver/Src/stm32f4xx_hal_exti.o
LOAD ./Drivers/STM32F4xx_HAL_Driver/Src/stm32f4xx_hal_flash.o
LOAD ./Drivers/STM32F4xx_HAL_Driver/Src/stm32f4xx_hal_flash_ex.o
LOAD ./Drivers/STM32F4xx_HAL_Driver/Src/stm32f4xx_hal_flash_ramfunc.o
LOAD ./Drivers/STM32F4xx_HAL_Driver/Src/stm32f4xx_hal_gpio.o
LOAD ./Drivers/STM32F4xx_HAL_Driver/Src/stm32f4xx_hal_i2c.o
LOAD ./Drivers/STM32F4xx_HAL_Driver/Src/stm32f4xx_hal_i2c_ex.o
LOAD ./Drivers/STM32F4xx_HAL_Driver/Src/stm32f4xx_hal_ltdc.o
LOAD ./Drivers/STM32F4xx_HAL_Driver/Src/stm32f4xx_hal_ltdc_ex.o
LOAD ./Drivers/STM32F4xx_HAL_Driver/Src/stm32f4xx_hal_pwr.o
LOAD ./Drivers/STM32F4xx_HAL_Driver/Src/stm32f4xx_hal_pwr_ex.o
LOAD ./Drivers/STM32F4xx_HAL_Driver/Src/stm32f4xx_hal_rcc.o
LOAD ./Drivers/STM32F4xx_HAL_Driver/Src/stm32f4xx_hal_rcc_ex.o
LOAD ./Drivers/STM32F4xx_HAL_Driver/Src/stm32f4xx_hal_rng.o
LOAD ./Drivers/STM32F4xx_HAL_Driver/Src/stm32f4xx_hal_spi.o
LOAD ./Drivers/STM32F4xx_HAL_Driver/Src/stm32f4xx_hal_tim.o
LOAD ./Drivers/STM32F4xx_HAL_Driver/Src/stm32f4xx_hal_tim_ex.o
START GROUP
LOAD C:/ST/STM32CubeIDE_1.17.0/STM32CubeIDE/plugins/com.st.stm32cube.ide.mcu.externaltools.gnu-tools-for-stm32.12.3.rel1.win32_1.1.0.202410251130/tools/bin/../lib/gcc/arm-none-eabi/12.3.1/../../../../arm-none-eabi/lib/thumb/v7e-m+fp/hard\libc_nano.a
LOAD C:/ST/STM32CubeIDE_1.17.0/STM32CubeIDE/plugins/com.st.stm32cube.ide.mcu.externaltools.gnu-tools-for-stm32.12.3.rel1.win32_1.1.0.202410251130/tools/bin/../lib/gcc/arm-none-eabi/12.3.1/../../../../arm-none-eabi/lib/thumb/v7e-m+fp/hard\libm.a
END GROUP
START GROUP
LOAD C:/ST/STM32CubeIDE_1.17.0/STM32CubeIDE/plugins/com.st.stm32cube.ide.mcu.externaltools.gnu-tools-for-stm32.12.3.rel1.win32_1.1.0.202410251130/tools/bin/../lib/gcc/arm-none-eabi/12.3.1/thumb/v7e-m+fp/hard\libgcc.a
LOAD C:/ST/STM32CubeIDE_1.17.0/STM32CubeIDE/plugins/com.st.stm32cube.ide.mcu.externaltools.gnu-tools-for-stm32.12.3.rel1.win32_1.1.0.202410251130/tools/bin/../lib/gcc/arm-none-eabi/12.3.1/../../../../arm-none-eabi/lib/thumb/v7e-m+fp/hard\libc_nano.a
END GROUP
START GROUP
LOAD C:/ST/STM32CubeIDE_1.17.0/STM32CubeIDE/plugins/com.st.stm32cube.ide.mcu.externaltools.gnu-tools-for-stm32.12.3.rel1.win32_1.1.0.202410251130/tools/bin/../lib/gcc/arm-none-eabi/12.3.1/thumb/v7e-m+fp/hard\libgcc.a
LOAD C:/ST/STM32CubeIDE_1.17.0/STM32CubeIDE/plugins/com.st.stm32cube.ide.mcu.externaltools.gnu-tools-for-stm32.12.3.rel1.win32_1.1.0.202410251130/tools/bin/../lib/gcc/arm-none-eabi/12.3.1/../../../../arm-none-eabi/lib/thumb/v7e-m+fp/hard\libc_nano.a
LOAD C:/ST/STM32CubeIDE_1.17.0/STM32CubeIDE/plugins/com.st.stm32cube.ide.mcu.externaltools.gnu-tools-for-stm32.12.3.rel1.win32_1.1.0.202410251130/tools/bin/../lib/gcc/arm-none-eabi/12.3.1/../../../../arm-none-eabi/lib/thumb/v7e-m+fp/hard\libnosys.a
END GROUP
START GROUP
LOAD C:/ST/STM32CubeIDE_1.17.0/STM32CubeIDE/plugins/com.st.stm32cube.ide.mcu.externaltools.gnu-tools-for-stm32.12.3.rel1.win32_1.1.0.202410251130/tools/bin/../lib/gcc/arm-none-eabi/12.3.1/thumb/v7e-m+fp/hard\libgcc.a
LOAD C:/ST/STM32CubeIDE_1.17.0/STM32CubeIDE/plugins/com.st.stm32cube.ide.mcu.externaltools.gnu-tools-for-stm32.12.3.rel1.win32_1.1.0.202410251130/tools/bin/../lib/gcc/arm-none-eabi/12.3.1/../../../../arm-none-eabi/lib/thumb/v7e-m+fp/hard\libc_nano.a
LOAD C:/ST/STM32CubeIDE_1.17.0/STM32CubeIDE/plugins/com.st.stm32cube.ide.mcu.externaltools.gnu-tools-for-stm32.12.3.rel1.win32_1.1.0.202410251130/tools/bin/../lib/gcc/arm-none-eabi/12.3.1/../../../../arm-none-eabi/lib/thumb/v7e-m+fp/hard\libnosys.a
END GROUP
LOAD C:/ST/STM32CubeIDE_1.17.0/STM32CubeIDE/plugins/com.st.stm32cube.ide.mcu.externaltools.gnu-tools-for-stm32.12.3.rel1.win32_1.1.0.202410251130/tools/bin/../lib/gcc/arm-none-eabi/12.3.1/thumb/v7e-m+fp/hard/crtend.o
LOAD C:/ST/STM32CubeIDE_1.17.0/STM32CubeIDE/plugins/com.st.stm32cube.ide.mcu.externaltools.gnu-tools-for-stm32.12.3.rel1.win32_1.1.0.202410251130/tools/bin/../lib/gcc/arm-none-eabi/12.3.1/thumb/v7e-m+fp/hard/crtn.o
                0x20030000                        _estack = (ORIGIN (RAM) + LENGTH (RAM))
                0x00000200                        _Min_Heap_Size = 0x200
                0x00000400                        _Min_Stack_Size = 0x400

.isr_vector     0x08000000      0x1ac
                0x08000000                        . = ALIGN (0x4)
 *(.isr_vector)
 .isr_vector    0x08000000      0x1ac ./Core/Startup/startup_stm32f429zitx.o
                0x08000000                g_pfnVectors
                0x080001ac                        . = ALIGN (0x4)

.text           0x080001b0     0x839c
                0x080001b0                        . = ALIGN (0x4)
 *(.text)
 .text          0x080001b0       0x40 C:/ST/STM32CubeIDE_1.17.0/STM32CubeIDE/plugins/com.st.stm32cube.ide.mcu.externaltools.gnu-tools-for-stm32.12.3.rel1.win32_1.1.0.202410251130/tools/bin/../lib/gcc/arm-none-eabi/12.3.1/thumb/v7e-m+fp/hard/crtbegin.o
 .text          0x080001f0       0xa0 C:/ST/STM32CubeIDE_1.17.0/STM32CubeIDE/plugins/com.st.stm32cube.ide.mcu.externaltools.gnu-tools-for-stm32.12.3.rel1.win32_1.1.0.202410251130/tools/bin/../lib/gcc/arm-none-eabi/12.3.1/../../../../arm-none-eabi/lib/thumb/v7e-m+fp/hard\libc_nano.a(libc_a-memchr.o)
                0x080001f0                memchr
 .text          0x08000290       0x30 C:/ST/STM32CubeIDE_1.17.0/STM32CubeIDE/plugins/com.st.stm32cube.ide.mcu.externaltools.gnu-tools-for-stm32.12.3.rel1.win32_1.1.0.202410251130/tools/bin/../lib/gcc/arm-none-eabi/12.3.1/thumb/v7e-m+fp/hard\libgcc.a(_aeabi_uldivmod.o)
                0x08000290                __aeabi_uldivmod
 .text          0x080002c0      0x2bc C:/ST/STM32CubeIDE_1.17.0/STM32CubeIDE/plugins/com.st.stm32cube.ide.mcu.externaltools.gnu-tools-for-stm32.12.3.rel1.win32_1.1.0.202410251130/tools/bin/../lib/gcc/arm-none-eabi/12.3.1/thumb/v7e-m+fp/hard\libgcc.a(_udivmoddi4.o)
                0x080002c0                __udivmoddi4
 .text          0x0800057c        0x4 C:/ST/STM32CubeIDE_1.17.0/STM32CubeIDE/plugins/com.st.stm32cube.ide.mcu.externaltools.gnu-tools-for-stm32.12.3.rel1.win32_1.1.0.202410251130/tools/bin/../lib/gcc/arm-none-eabi/12.3.1/thumb/v7e-m+fp/hard\libgcc.a(_dvmd_tls.o)
                0x0800057c                __aeabi_idiv0
                0x0800057c                __aeabi_ldiv0
 *(.text*)
 .text.ApplicationInit
                0x08000580       0x34 ./Core/Src/ApplicationCode.o
                0x08000580                ApplicationInit
 .text.LCD_Touch_Polling_Demo
                0x080005b4       0x58 ./Core/Src/ApplicationCode.o
                0x080005b4                LCD_Touch_Polling_Demo
 .text.EXTI0_IRQHandler
                0x0800060c      0x164 ./Core/Src/ApplicationCode.o
                0x0800060c                EXTI0_IRQHandler
 .text.Button_Interrupts_Init
                0x08000770       0x54 ./Core/Src/Button_Driver.o
                0x08000770                Button_Interrupts_Init
 .text.Game_Init
                0x080007c4       0x28 ./Core/Src/Game.o
                0x080007c4                Game_Init
 .text.ConnectFour_ResetGame
                0x080007ec       0x78 ./Core/Src/Game.o
                0x080007ec                ConnectFour_ResetGame
 .text.ConnectFour_GameLoop
                0x08000864       0x3c ./Core/Src/Game.o
                0x08000864                ConnectFour_GameLoop
 .text.ConnectFour_ProcessInput
                0x080008a0      0x138 ./Core/Src/Game.o
                0x080008a0                ConnectFour_ProcessInput
 .text.ConnectFour_DrawPiece
                0x080009d8       0x5c ./Core/Src/Game.o
                0x080009d8                ConnectFour_DrawPiece
 .text.ConnectFour_DrawBoard
                0x08000a34       0xa4 ./Core/Src/Game.o
                0x08000a34                ConnectFour_DrawBoard
 .text.ConnectFour_GameOver
                0x08000ad8      0x300 ./Core/Src/Game.o
                0x08000ad8                ConnectFour_GameOver
 .text.ConnectFour_DropPiece
                0x08000dd8       0x60 ./Core/Src/Game.o
                0x08000dd8                ConnectFour_DropPiece
 .text.CheckPotentialWin
                0x08000e38      0x2a8 ./Core/Src/Game.o
 .text.CountPiecesInRow
                0x080010e0      0x230 ./Core/Src/Game.o
 .text.ConnectFour_ComputerMove
                0x08001310      0x208 ./Core/Src/Game.o
                0x08001310                ConnectFour_ComputerMove
 .text.ConnectFour_CheckWin
                0x08001518      0x29c ./Core/Src/Game.o
                0x08001518                ConnectFour_CheckWin
 .text.ConnectFour_CheckDraw
                0x080017b4       0x58 ./Core/Src/Game.o
                0x080017b4                ConnectFour_CheckDraw
 .text.ConnectFour_GetGameTime
                0x0800180c       0x50 ./Core/Src/Game.o
                0x0800180c                ConnectFour_GetGameTime
 .text.enableInterruptIRQ
                0x0800185c       0x22 ./Core/Src/InterruptControl.o
                0x0800185c                enableInterruptIRQ
 .text.disableInterruptIRQ
                0x0800187e       0x22 ./Core/Src/InterruptControl.o
                0x0800187e                disableInterruptIRQ
 .text.clearInterruptIRQ
                0x080018a0       0x22 ./Core/Src/InterruptControl.o
                0x080018a0                clearInterruptIRQ
 *fill*         0x080018c2        0x2 
 .text.clearInterruptEXTI
                0x080018c4       0x20 ./Core/Src/InterruptControl.o
                0x080018c4                clearInterruptEXTI
 .text.LCD_GPIO_Init
                0x080018e4      0x190 ./Core/Src/LCD_Driver.o
                0x080018e4                LCD_GPIO_Init
 .text.LTCD_Layer_Init
                0x08001a74       0x80 ./Core/Src/LCD_Driver.o
                0x08001a74                LTCD_Layer_Init
 .text.LTCD__Init
                0x08001af4       0xbc ./Core/Src/LCD_Driver.o
                0x08001af4                LTCD__Init
 .text.LCD_Draw_Pixel
                0x08001bb0       0x3c ./Core/Src/LCD_Driver.o
                0x08001bb0                LCD_Draw_Pixel
 .text.LCD_Draw_Circle_Fill
                0x08001bec       0xa6 ./Core/Src/LCD_Driver.o
                0x08001bec                LCD_Draw_Circle_Fill
 .text.LCD_Draw_Vertical_Line
                0x08001c92       0x4e ./Core/Src/LCD_Driver.o
                0x08001c92                LCD_Draw_Vertical_Line
 .text.LCD_Draw_Horizontal_Line
                0x08001ce0       0x4e ./Core/Src/LCD_Driver.o
                0x08001ce0                LCD_Draw_Horizontal_Line
 *fill*         0x08001d2e        0x2 
 .text.LCD_Clear
                0x08001d30       0x44 ./Core/Src/LCD_Driver.o
                0x08001d30                LCD_Clear
 .text.LCD_SetTextColor
                0x08001d74       0x20 ./Core/Src/LCD_Driver.o
                0x08001d74                LCD_SetTextColor
 .text.LCD_SetFont
                0x08001d94       0x20 ./Core/Src/LCD_Driver.o
                0x08001d94                LCD_SetFont
 .text.LCD_Draw_Char
                0x08001db4       0xdc ./Core/Src/LCD_Driver.o
                0x08001db4                LCD_Draw_Char
 .text.LCD_DisplayChar
                0x08001e90       0x44 ./Core/Src/LCD_Driver.o
                0x08001e90                LCD_DisplayChar
 .text.screen1  0x08001ed4      0x260 ./Core/Src/LCD_Driver.o
                0x08001ed4                screen1
 .text.screen2  0x08002134       0xe2 ./Core/Src/LCD_Driver.o
                0x08002134                screen2
 .text.LCD_Error_Handler
                0x08002216        0xc ./Core/Src/LCD_Driver.o
                0x08002216                LCD_Error_Handler
 .text.InitializeLCDTouch
                0x08002222       0x16 ./Core/Src/LCD_Driver.o
                0x08002222                InitializeLCDTouch
 .text.returnTouchStateAndLocation
                0x08002238       0x18 ./Core/Src/LCD_Driver.o
                0x08002238                returnTouchStateAndLocation
 .text.ili9341_Init
                0x08002250      0x294 ./Core/Src/ili9341.o
                0x08002250                ili9341_Init
 .text.ili9341_Write_Reg
                0x080024e4       0x1a ./Core/Src/ili9341.o
                0x080024e4                ili9341_Write_Reg
 .text.ili9341_Send_Data
                0x080024fe       0x1a ./Core/Src/ili9341.o
                0x080024fe                ili9341_Send_Data
 .text.SPI_Init
                0x08002518       0x74 ./Core/Src/ili9341.o
 .text.SPI_Write
                0x0800258c       0x3c ./Core/Src/ili9341.o
 .text.SPI_Error
                0x080025c8       0x18 ./Core/Src/ili9341.o
 .text.SPI_MspInit
                0x080025e0       0x74 ./Core/Src/ili9341.o
 .text.LCD_IO_Init
                0x08002654       0xf0 ./Core/Src/ili9341.o
                0x08002654                LCD_IO_Init
 .text.LCD_IO_WriteData
                0x08002744       0x44 ./Core/Src/ili9341.o
                0x08002744                LCD_IO_WriteData
 .text.LCD_IO_WriteReg
                0x08002788       0x44 ./Core/Src/ili9341.o
                0x08002788                LCD_IO_WriteReg
 .text.LCD_Delay
                0x080027cc       0x16 ./Core/Src/ili9341.o
                0x080027cc                LCD_Delay
 .text.main     0x080027e2       0x34 ./Core/Src/main.o
                0x080027e2                main
 *fill*         0x08002816        0x2 
 .text.SystemClock_Config
                0x08002818       0xd4 ./Core/Src/main.o
                0x08002818                SystemClock_Config
 .text.MX_I2C3_Init
                0x080028ec       0x80 ./Core/Src/main.o
 .text.MX_LTDC_Init
                0x0800296c      0x164 ./Core/Src/main.o
 .text.MX_RNG_Init
                0x08002ad0       0x28 ./Core/Src/main.o
 .text.MX_SPI5_Init
                0x08002af8       0x6c ./Core/Src/main.o
 .text.MX_TIM2_Init
                0x08002b64       0x98 ./Core/Src/main.o
 .text.MX_GPIO_Init
                0x08002bfc      0x35c ./Core/Src/main.o
 .text.Error_Handler
                0x08002f58        0xc ./Core/Src/main.o
                0x08002f58                Error_Handler
 .text.HAL_MspInit
                0x08002f64       0x50 ./Core/Src/stm32f4xx_hal_msp.o
                0x08002f64                HAL_MspInit
 .text.HAL_I2C_MspInit
                0x08002fb4       0xd4 ./Core/Src/stm32f4xx_hal_msp.o
                0x08002fb4                HAL_I2C_MspInit
 .text.HAL_LTDC_MspInit
                0x08003088      0x250 ./Core/Src/stm32f4xx_hal_msp.o
                0x08003088                HAL_LTDC_MspInit
 .text.HAL_RNG_MspInit
                0x080032d8       0x44 ./Core/Src/stm32f4xx_hal_msp.o
                0x080032d8                HAL_RNG_MspInit
 .text.HAL_SPI_MspInit
                0x0800331c       0x90 ./Core/Src/stm32f4xx_hal_msp.o
                0x0800331c                HAL_SPI_MspInit
 .text.HAL_SPI_MspDeInit
                0x080033ac       0x3c ./Core/Src/stm32f4xx_hal_msp.o
                0x080033ac                HAL_SPI_MspDeInit
 .text.HAL_TIM_Base_MspInit
                0x080033e8       0x40 ./Core/Src/stm32f4xx_hal_msp.o
                0x080033e8                HAL_TIM_Base_MspInit
 .text.NMI_Handler
                0x08003428        0x8 ./Core/Src/stm32f4xx_it.o
                0x08003428                NMI_Handler
 .text.HardFault_Handler
                0x08003430        0x8 ./Core/Src/stm32f4xx_it.o
                0x08003430                HardFault_Handler
 .text.MemManage_Handler
                0x08003438        0x8 ./Core/Src/stm32f4xx_it.o
                0x08003438                MemManage_Handler
 .text.BusFault_Handler
                0x08003440        0x8 ./Core/Src/stm32f4xx_it.o
                0x08003440                BusFault_Handler
 .text.UsageFault_Handler
                0x08003448        0x8 ./Core/Src/stm32f4xx_it.o
                0x08003448                UsageFault_Handler
 .text.SVC_Handler
                0x08003450        0xe ./Core/Src/stm32f4xx_it.o
                0x08003450                SVC_Handler
 .text.DebugMon_Handler
                0x0800345e        0xe ./Core/Src/stm32f4xx_it.o
                0x0800345e                DebugMon_Handler
 .text.PendSV_Handler
                0x0800346c        0xe ./Core/Src/stm32f4xx_it.o
                0x0800346c                PendSV_Handler
 .text.SysTick_Handler
                0x0800347a        0xc ./Core/Src/stm32f4xx_it.o
                0x0800347a                SysTick_Handler
 .text.STMPE811_Init
                0x08003486      0x14e ./Core/Src/stmpe811.o
                0x08003486                STMPE811_Init
 .text.STMPE811_Read
                0x080035d4       0x22 ./Core/Src/stmpe811.o
                0x080035d4                STMPE811_Read
 .text.STMPE811_ReadTouch
                0x080035f6      0x198 ./Core/Src/stmpe811.o
                0x080035f6                STMPE811_ReadTouch
 *fill*         0x0800378e        0x2 
 .text.verifyHAL_I2C_IS_OKAY
                0x08003790       0x20 ./Core/Src/stmpe811.o
                0x08003790                verifyHAL_I2C_IS_OKAY
 .text.I2C3_Init
                0x080037b0       0x7c ./Core/Src/stmpe811.o
 .text.I2C3_MspInit
                0x0800382c       0xa8 ./Core/Src/stmpe811.o
 .text.I2C3_Write
                0x080038d4       0x54 ./Core/Src/stmpe811.o
                0x080038d4                I2C3_Write
 .text.I2C3_Read
                0x08003928       0x4c ./Core/Src/stmpe811.o
                0x08003928                I2C3_Read
 .text.I2C3_MulitByteRead
                0x08003974       0x44 ./Core/Src/stmpe811.o
                0x08003974                I2C3_MulitByteRead
 .text.TM_STMPE811_ReadX
                0x080039b8       0xbc ./Core/Src/stmpe811.o
                0x080039b8                TM_STMPE811_ReadX
 .text.TM_STMPE811_ReadY
                0x08003a74       0xa4 ./Core/Src/stmpe811.o
                0x08003a74                TM_STMPE811_ReadY
 .text.initialise_monitor_handles
                0x08003b18        0xe ./Core/Src/syscalls.o
                0x08003b18                initialise_monitor_handles
 .text._read    0x08003b26       0x3a ./Core/Src/syscalls.o
                0x08003b26                _read
 .text._write   0x08003b60       0x38 ./Core/Src/syscalls.o
                0x08003b60                _write
 .text._close   0x08003b98       0x18 ./Core/Src/syscalls.o
                0x08003b98                _close
 .text._fstat   0x08003bb0       0x20 ./Core/Src/syscalls.o
                0x08003bb0                _fstat
 .text._isatty  0x08003bd0       0x16 ./Core/Src/syscalls.o
                0x08003bd0                _isatty
 .text._lseek   0x08003be6       0x1a ./Core/Src/syscalls.o
                0x08003be6                _lseek
 .text._sbrk    0x08003c00       0x6c ./Core/Src/sysmem.o
                0x08003c00                _sbrk
 .text.SystemInit
                0x08003c6c       0x24 ./Core/Src/system_stm32f4xx.o
                0x08003c6c                SystemInit
 .text.Reset_Handler
                0x08003c90       0x50 ./Core/Startup/startup_stm32f429zitx.o
                0x08003c90                Reset_Handler
 .text.Default_Handler
                0x08003ce0        0x2 ./Core/Startup/startup_stm32f429zitx.o
                0x08003ce0                RTC_Alarm_IRQHandler
                0x08003ce0                HASH_RNG_IRQHandler
                0x08003ce0                EXTI2_IRQHandler
                0x08003ce0                TIM8_CC_IRQHandler
                0x08003ce0                UART8_IRQHandler
                0x08003ce0                SPI4_IRQHandler
                0x08003ce0                TIM1_CC_IRQHandler
                0x08003ce0                DMA2_Stream5_IRQHandler
                0x08003ce0                DMA1_Stream5_IRQHandler
                0x08003ce0                PVD_IRQHandler
                0x08003ce0                SDIO_IRQHandler
                0x08003ce0                TAMP_STAMP_IRQHandler
                0x08003ce0                CAN2_RX1_IRQHandler
                0x08003ce0                EXTI3_IRQHandler
                0x08003ce0                TIM8_TRG_COM_TIM14_IRQHandler
                0x08003ce0                TIM1_UP_TIM10_IRQHandler
                0x08003ce0                TIM8_UP_TIM13_IRQHandler
                0x08003ce0                I2C3_ER_IRQHandler
                0x08003ce0                I2C2_EV_IRQHandler
                0x08003ce0                DMA1_Stream2_IRQHandler
                0x08003ce0                CAN1_RX0_IRQHandler
                0x08003ce0                FPU_IRQHandler
                0x08003ce0                OTG_HS_WKUP_IRQHandler
                0x08003ce0                LTDC_ER_IRQHandler
                0x08003ce0                CAN2_SCE_IRQHandler
                0x08003ce0                DMA2_Stream2_IRQHandler
                0x08003ce0                SPI1_IRQHandler
                0x08003ce0                TIM6_DAC_IRQHandler
                0x08003ce0                TIM1_BRK_TIM9_IRQHandler
                0x08003ce0                DCMI_IRQHandler
                0x08003ce0                CAN2_RX0_IRQHandler
                0x08003ce0                DMA2_Stream3_IRQHandler
                0x08003ce0                USART6_IRQHandler
                0x08003ce0                USART3_IRQHandler
                0x08003ce0                CAN1_RX1_IRQHandler
                0x08003ce0                UART5_IRQHandler
                0x08003ce0                DMA2_Stream0_IRQHandler
                0x08003ce0                TIM4_IRQHandler
                0x08003ce0                I2C1_EV_IRQHandler
                0x08003ce0                DMA1_Stream6_IRQHandler
                0x08003ce0                DMA1_Stream1_IRQHandler
                0x08003ce0                UART4_IRQHandler
                0x08003ce0                TIM3_IRQHandler
                0x08003ce0                RCC_IRQHandler
                0x08003ce0                TIM8_BRK_TIM12_IRQHandler
                0x08003ce0                Default_Handler
                0x08003ce0                EXTI15_10_IRQHandler
                0x08003ce0                ADC_IRQHandler
                0x08003ce0                DMA1_Stream7_IRQHandler
                0x08003ce0                SPI5_IRQHandler
                0x08003ce0                TIM7_IRQHandler
                0x08003ce0                CAN2_TX_IRQHandler
                0x08003ce0                TIM5_IRQHandler
                0x08003ce0                DMA2_Stream7_IRQHandler
                0x08003ce0                I2C3_EV_IRQHandler
                0x08003ce0                EXTI9_5_IRQHandler
                0x08003ce0                RTC_WKUP_IRQHandler
                0x08003ce0                LTDC_IRQHandler
                0x08003ce0                ETH_WKUP_IRQHandler
                0x08003ce0                SPI2_IRQHandler
                0x08003ce0                OTG_HS_EP1_IN_IRQHandler
                0x08003ce0                DMA1_Stream0_IRQHandler
                0x08003ce0                CAN1_TX_IRQHandler
                0x08003ce0                EXTI4_IRQHandler
                0x08003ce0                ETH_IRQHandler
                0x08003ce0                OTG_HS_EP1_OUT_IRQHandler
                0x08003ce0                WWDG_IRQHandler
                0x08003ce0                SPI6_IRQHandler
                0x08003ce0                TIM2_IRQHandler
                0x08003ce0                OTG_FS_WKUP_IRQHandler
                0x08003ce0                TIM1_TRG_COM_TIM11_IRQHandler
                0x08003ce0                OTG_HS_IRQHandler
                0x08003ce0                DMA2D_IRQHandler
                0x08003ce0                EXTI1_IRQHandler
                0x08003ce0                UART7_IRQHandler
                0x08003ce0                USART2_IRQHandler
                0x08003ce0                I2C2_ER_IRQHandler
                0x08003ce0                DMA2_Stream1_IRQHandler
                0x08003ce0                CAN1_SCE_IRQHandler
                0x08003ce0                FLASH_IRQHandler
                0x08003ce0                DMA2_Stream4_IRQHandler
                0x08003ce0                USART1_IRQHandler
                0x08003ce0                OTG_FS_IRQHandler
                0x08003ce0                SPI3_IRQHandler
                0x08003ce0                DMA1_Stream4_IRQHandler
                0x08003ce0                I2C1_ER_IRQHandler
                0x08003ce0                FMC_IRQHandler
                0x08003ce0                DMA2_Stream6_IRQHandler
                0x08003ce0                SAI1_IRQHandler
                0x08003ce0                DMA1_Stream3_IRQHandler
 *fill*         0x08003ce2        0x2 
 .text.HAL_Init
                0x08003ce4       0x44 ./Drivers/STM32F4xx_HAL_Driver/Src/stm32f4xx_hal.o
                0x08003ce4                HAL_Init
 .text.HAL_InitTick
                0x08003d28       0x60 ./Drivers/STM32F4xx_HAL_Driver/Src/stm32f4xx_hal.o
                0x08003d28                HAL_InitTick
 .text.HAL_IncTick
                0x08003d88       0x28 ./Drivers/STM32F4xx_HAL_Driver/Src/stm32f4xx_hal.o
                0x08003d88                HAL_IncTick
 .text.HAL_GetTick
                0x08003db0       0x18 ./Drivers/STM32F4xx_HAL_Driver/Src/stm32f4xx_hal.o
                0x08003db0                HAL_GetTick
 .text.HAL_Delay
                0x08003dc8       0x48 ./Drivers/STM32F4xx_HAL_Driver/Src/stm32f4xx_hal.o
                0x08003dc8                HAL_Delay
 .text.__NVIC_SetPriorityGrouping
                0x08003e10       0x48 ./Drivers/STM32F4xx_HAL_Driver/Src/stm32f4xx_hal_cortex.o
 .text.__NVIC_GetPriorityGrouping
                0x08003e58       0x1c ./Drivers/STM32F4xx_HAL_Driver/Src/stm32f4xx_hal_cortex.o
 .text.__NVIC_EnableIRQ
                0x08003e74       0x3c ./Drivers/STM32F4xx_HAL_Driver/Src/stm32f4xx_hal_cortex.o
 .text.__NVIC_DisableIRQ
                0x08003eb0       0x48 ./Drivers/STM32F4xx_HAL_Driver/Src/stm32f4xx_hal_cortex.o
 .text.__NVIC_ClearPendingIRQ
                0x08003ef8       0x3c ./Drivers/STM32F4xx_HAL_Driver/Src/stm32f4xx_hal_cortex.o
 .text.__NVIC_SetPriority
                0x08003f34       0x54 ./Drivers/STM32F4xx_HAL_Driver/Src/stm32f4xx_hal_cortex.o
 .text.NVIC_EncodePriority
                0x08003f88       0x66 ./Drivers/STM32F4xx_HAL_Driver/Src/stm32f4xx_hal_cortex.o
 *fill*         0x08003fee        0x2 
 .text.SysTick_Config
                0x08003ff0       0x44 ./Drivers/STM32F4xx_HAL_Driver/Src/stm32f4xx_hal_cortex.o
 .text.HAL_NVIC_SetPriorityGrouping
                0x08004034       0x16 ./Drivers/STM32F4xx_HAL_Driver/Src/stm32f4xx_hal_cortex.o
                0x08004034                HAL_NVIC_SetPriorityGrouping
 .text.HAL_NVIC_SetPriority
                0x0800404a       0x38 ./Drivers/STM32F4xx_HAL_Driver/Src/stm32f4xx_hal_cortex.o
                0x0800404a                HAL_NVIC_SetPriority
 .text.HAL_NVIC_EnableIRQ
                0x08004082       0x1c ./Drivers/STM32F4xx_HAL_Driver/Src/stm32f4xx_hal_cortex.o
                0x08004082                HAL_NVIC_EnableIRQ
 .text.HAL_NVIC_DisableIRQ
                0x0800409e       0x1c ./Drivers/STM32F4xx_HAL_Driver/Src/stm32f4xx_hal_cortex.o
                0x0800409e                HAL_NVIC_DisableIRQ
 .text.HAL_SYSTICK_Config
                0x080040ba       0x18 ./Drivers/STM32F4xx_HAL_Driver/Src/stm32f4xx_hal_cortex.o
                0x080040ba                HAL_SYSTICK_Config
 .text.HAL_NVIC_ClearPendingIRQ
                0x080040d2       0x1c ./Drivers/STM32F4xx_HAL_Driver/Src/stm32f4xx_hal_cortex.o
                0x080040d2                HAL_NVIC_ClearPendingIRQ
 *fill*         0x080040ee        0x2 
 .text.HAL_GPIO_Init
                0x080040f0      0x358 ./Drivers/STM32F4xx_HAL_Driver/Src/stm32f4xx_hal_gpio.o
                0x080040f0                HAL_GPIO_Init
 .text.HAL_GPIO_DeInit
                0x08004448      0x218 ./Drivers/STM32F4xx_HAL_Driver/Src/stm32f4xx_hal_gpio.o
                0x08004448                HAL_GPIO_DeInit
 .text.HAL_GPIO_WritePin
                0x08004660       0x32 ./Drivers/STM32F4xx_HAL_Driver/Src/stm32f4xx_hal_gpio.o
                0x08004660                HAL_GPIO_WritePin
 *fill*         0x08004692        0x2 
 .text.HAL_I2C_Init
                0x08004694      0x288 ./Drivers/STM32F4xx_HAL_Driver/Src/stm32f4xx_hal_i2c.o
                0x08004694                HAL_I2C_Init
 .text.HAL_I2C_Mem_Write
                0x0800491c      0x1f4 ./Drivers/STM32F4xx_HAL_Driver/Src/stm32f4xx_hal_i2c.o
                0x0800491c                HAL_I2C_Mem_Write
 .text.HAL_I2C_Mem_Read
                0x08004b10      0x464 ./Drivers/STM32F4xx_HAL_Driver/Src/stm32f4xx_hal_i2c.o
                0x08004b10                HAL_I2C_Mem_Read
 .text.I2C_RequestMemoryWrite
                0x08004f74      0x12c ./Drivers/STM32F4xx_HAL_Driver/Src/stm32f4xx_hal_i2c.o
 .text.I2C_RequestMemoryRead
                0x080050a0      0x1d0 ./Drivers/STM32F4xx_HAL_Driver/Src/stm32f4xx_hal_i2c.o
 .text.I2C_WaitOnFlagUntilTimeout
                0x08005270       0xf4 ./Drivers/STM32F4xx_HAL_Driver/Src/stm32f4xx_hal_i2c.o
 .text.I2C_WaitOnMasterAddressFlagUntilTimeout
                0x08005364      0x140 ./Drivers/STM32F4xx_HAL_Driver/Src/stm32f4xx_hal_i2c.o
 .text.I2C_WaitOnTXEFlagUntilTimeout
                0x080054a4       0x90 ./Drivers/STM32F4xx_HAL_Driver/Src/stm32f4xx_hal_i2c.o
 .text.I2C_WaitOnBTFFlagUntilTimeout
                0x08005534       0x90 ./Drivers/STM32F4xx_HAL_Driver/Src/stm32f4xx_hal_i2c.o
 .text.I2C_WaitOnRXNEFlagUntilTimeout
                0x080055c4       0xba ./Drivers/STM32F4xx_HAL_Driver/Src/stm32f4xx_hal_i2c.o
 .text.I2C_IsAcknowledgeFailed
                0x0800567e       0x5e ./Drivers/STM32F4xx_HAL_Driver/Src/stm32f4xx_hal_i2c.o
 .text.HAL_I2CEx_ConfigAnalogFilter
                0x080056dc       0x78 ./Drivers/STM32F4xx_HAL_Driver/Src/stm32f4xx_hal_i2c_ex.o
                0x080056dc                HAL_I2CEx_ConfigAnalogFilter
 .text.HAL_I2CEx_ConfigDigitalFilter
                0x08005754       0x7e ./Drivers/STM32F4xx_HAL_Driver/Src/stm32f4xx_hal_i2c_ex.o
                0x08005754                HAL_I2CEx_ConfigDigitalFilter
 *fill*         0x080057d2        0x2 
 .text.HAL_LTDC_Init
                0x080057d4      0x1a0 ./Drivers/STM32F4xx_HAL_Driver/Src/stm32f4xx_hal_ltdc.o
                0x080057d4                HAL_LTDC_Init
 .text.HAL_LTDC_ConfigLayer
                0x08005974       0x7c ./Drivers/STM32F4xx_HAL_Driver/Src/stm32f4xx_hal_ltdc.o
                0x08005974                HAL_LTDC_ConfigLayer
 .text.LTDC_SetConfig
                0x080059f0      0x32e ./Drivers/STM32F4xx_HAL_Driver/Src/stm32f4xx_hal_ltdc.o
 *fill*         0x08005d1e        0x2 
 .text.HAL_RCC_OscConfig
                0x08005d20      0x4f0 ./Drivers/STM32F4xx_HAL_Driver/Src/stm32f4xx_hal_rcc.o
                0x08005d20                HAL_RCC_OscConfig
 .text.HAL_RCC_ClockConfig
                0x08006210      0x1cc ./Drivers/STM32F4xx_HAL_Driver/Src/stm32f4xx_hal_rcc.o
                0x08006210                HAL_RCC_ClockConfig
 .text.HAL_RCC_GetSysClockFreq
                0x080063dc      0x20c ./Drivers/STM32F4xx_HAL_Driver/Src/stm32f4xx_hal_rcc.o
                0x080063dc                HAL_RCC_GetSysClockFreq
 .text.HAL_RCC_GetHCLKFreq
                0x080065e8       0x18 ./Drivers/STM32F4xx_HAL_Driver/Src/stm32f4xx_hal_rcc.o
                0x080065e8                HAL_RCC_GetHCLKFreq
 .text.HAL_RCC_GetPCLK1Freq
                0x08006600       0x28 ./Drivers/STM32F4xx_HAL_Driver/Src/stm32f4xx_hal_rcc.o
                0x08006600                HAL_RCC_GetPCLK1Freq
 .text.HAL_RCCEx_PeriphCLKConfig
                0x08006628      0x380 ./Drivers/STM32F4xx_HAL_Driver/Src/stm32f4xx_hal_rcc_ex.o
                0x08006628                HAL_RCCEx_PeriphCLKConfig
 .text.HAL_RNG_Init
                0x080069a8       0x54 ./Drivers/STM32F4xx_HAL_Driver/Src/stm32f4xx_hal_rng.o
                0x080069a8                HAL_RNG_Init
 .text.HAL_RNG_GenerateRandomNumber
                0x080069fc       0xac ./Drivers/STM32F4xx_HAL_Driver/Src/stm32f4xx_hal_rng.o
                0x080069fc                HAL_RNG_GenerateRandomNumber
 .text.HAL_SPI_Init
                0x08006aa8      0x112 ./Drivers/STM32F4xx_HAL_Driver/Src/stm32f4xx_hal_spi.o
                0x08006aa8                HAL_SPI_Init
 .text.HAL_SPI_DeInit
                0x08006bba       0x50 ./Drivers/STM32F4xx_HAL_Driver/Src/stm32f4xx_hal_spi.o
                0x08006bba                HAL_SPI_DeInit
 .text.HAL_SPI_Transmit
                0x08006c0a      0x288 ./Drivers/STM32F4xx_HAL_Driver/Src/stm32f4xx_hal_spi.o
                0x08006c0a                HAL_SPI_Transmit
 .text.HAL_SPI_GetState
                0x08006e92       0x1c ./Drivers/STM32F4xx_HAL_Driver/Src/stm32f4xx_hal_spi.o
                0x08006e92                HAL_SPI_GetState
 *fill*         0x08006eae        0x2 
 .text.SPI_WaitFlagStateUntilTimeout
                0x08006eb0      0x110 ./Drivers/STM32F4xx_HAL_Driver/Src/stm32f4xx_hal_spi.o
 .text.SPI_EndRxTxTransaction
                0x08006fc0       0xa8 ./Drivers/STM32F4xx_HAL_Driver/Src/stm32f4xx_hal_spi.o
 .text.HAL_TIM_Base_Init
                0x08007068       0x9e ./Drivers/STM32F4xx_HAL_Driver/Src/stm32f4xx_hal_tim.o
                0x08007068                HAL_TIM_Base_Init
 .text.HAL_TIM_ConfigClockSource
                0x08007106      0x18e ./Drivers/STM32F4xx_HAL_Driver/Src/stm32f4xx_hal_tim.o
                0x08007106                HAL_TIM_ConfigClockSource
 .text.TIM_Base_SetConfig
                0x08007294      0x158 ./Drivers/STM32F4xx_HAL_Driver/Src/stm32f4xx_hal_tim.o
                0x08007294                TIM_Base_SetConfig
 .text.TIM_TI1_ConfigInputStage
                0x080073ec       0x5e ./Drivers/STM32F4xx_HAL_Driver/Src/stm32f4xx_hal_tim.o
 .text.TIM_TI2_ConfigInputStage
                0x0800744a       0x60 ./Drivers/STM32F4xx_HAL_Driver/Src/stm32f4xx_hal_tim.o
 .text.TIM_ITRx_SetConfig
                0x080074aa       0x36 ./Drivers/STM32F4xx_HAL_Driver/Src/stm32f4xx_hal_tim.o
 .text.TIM_ETR_SetConfig
                0x080074e0       0x40 ./Drivers/STM32F4xx_HAL_Driver/Src/stm32f4xx_hal_tim.o
                0x080074e0                TIM_ETR_SetConfig
 .text.HAL_TIMEx_MasterConfigSynchronization
                0x08007520       0xf8 ./Drivers/STM32F4xx_HAL_Driver/Src/stm32f4xx_hal_tim_ex.o
                0x08007520                HAL_TIMEx_MasterConfigSynchronization
 .text.std      0x08007618       0x6c C:/ST/STM32CubeIDE_1.17.0/STM32CubeIDE/plugins/com.st.stm32cube.ide.mcu.externaltools.gnu-tools-for-stm32.12.3.rel1.win32_1.1.0.202410251130/tools/bin/../lib/gcc/arm-none-eabi/12.3.1/../../../../arm-none-eabi/lib/thumb/v7e-m+fp/hard\libc_nano.a(libc_a-findfp.o)
 .text.stdio_exit_handler
                0x08007684       0x18 C:/ST/STM32CubeIDE_1.17.0/STM32CubeIDE/plugins/com.st.stm32cube.ide.mcu.externaltools.gnu-tools-for-stm32.12.3.rel1.win32_1.1.0.202410251130/tools/bin/../lib/gcc/arm-none-eabi/12.3.1/../../../../arm-none-eabi/lib/thumb/v7e-m+fp/hard\libc_nano.a(libc_a-findfp.o)
 .text.cleanup_stdio
                0x0800769c       0x40 C:/ST/STM32CubeIDE_1.17.0/STM32CubeIDE/plugins/com.st.stm32cube.ide.mcu.externaltools.gnu-tools-for-stm32.12.3.rel1.win32_1.1.0.202410251130/tools/bin/../lib/gcc/arm-none-eabi/12.3.1/../../../../arm-none-eabi/lib/thumb/v7e-m+fp/hard\libc_nano.a(libc_a-findfp.o)
 .text.global_stdio_init.part.0
                0x080076dc       0x3c C:/ST/STM32CubeIDE_1.17.0/STM32CubeIDE/plugins/com.st.stm32cube.ide.mcu.externaltools.gnu-tools-for-stm32.12.3.rel1.win32_1.1.0.202410251130/tools/bin/../lib/gcc/arm-none-eabi/12.3.1/../../../../arm-none-eabi/lib/thumb/v7e-m+fp/hard\libc_nano.a(libc_a-findfp.o)
 .text.__sfp_lock_acquire
                0x08007718        0xc C:/ST/STM32CubeIDE_1.17.0/STM32CubeIDE/plugins/com.st.stm32cube.ide.mcu.externaltools.gnu-tools-for-stm32.12.3.rel1.win32_1.1.0.202410251130/tools/bin/../lib/gcc/arm-none-eabi/12.3.1/../../../../arm-none-eabi/lib/thumb/v7e-m+fp/hard\libc_nano.a(libc_a-findfp.o)
                0x08007718                __sfp_lock_acquire
 .text.__sfp_lock_release
                0x08007724        0xc C:/ST/STM32CubeIDE_1.17.0/STM32CubeIDE/plugins/com.st.stm32cube.ide.mcu.externaltools.gnu-tools-for-stm32.12.3.rel1.win32_1.1.0.202410251130/tools/bin/../lib/gcc/arm-none-eabi/12.3.1/../../../../arm-none-eabi/lib/thumb/v7e-m+fp/hard\libc_nano.a(libc_a-findfp.o)
                0x08007724                __sfp_lock_release
 .text.__sinit  0x08007730       0x30 C:/ST/STM32CubeIDE_1.17.0/STM32CubeIDE/plugins/com.st.stm32cube.ide.mcu.externaltools.gnu-tools-for-stm32.12.3.rel1.win32_1.1.0.202410251130/tools/bin/../lib/gcc/arm-none-eabi/12.3.1/../../../../arm-none-eabi/lib/thumb/v7e-m+fp/hard\libc_nano.a(libc_a-findfp.o)
                0x08007730                __sinit
 .text._fwalk_sglue
                0x08007760       0x3c C:/ST/STM32CubeIDE_1.17.0/STM32CubeIDE/plugins/com.st.stm32cube.ide.mcu.externaltools.gnu-tools-for-stm32.12.3.rel1.win32_1.1.0.202410251130/tools/bin/../lib/gcc/arm-none-eabi/12.3.1/../../../../arm-none-eabi/lib/thumb/v7e-m+fp/hard\libc_nano.a(libc_a-fwalk.o)
                0x08007760                _fwalk_sglue
 .text.printf   0x0800779c       0x24 C:/ST/STM32CubeIDE_1.17.0/STM32CubeIDE/plugins/com.st.stm32cube.ide.mcu.externaltools.gnu-tools-for-stm32.12.3.rel1.win32_1.1.0.202410251130/tools/bin/../lib/gcc/arm-none-eabi/12.3.1/../../../../arm-none-eabi/lib/thumb/v7e-m+fp/hard\libc_nano.a(libc_a-printf.o)
                0x0800779c                iprintf
                0x0800779c                printf
 .text._puts_r  0x080077c0       0xaa C:/ST/STM32CubeIDE_1.17.0/STM32CubeIDE/plugins/com.st.stm32cube.ide.mcu.externaltools.gnu-tools-for-stm32.12.3.rel1.win32_1.1.0.202410251130/tools/bin/../lib/gcc/arm-none-eabi/12.3.1/../../../../arm-none-eabi/lib/thumb/v7e-m+fp/hard\libc_nano.a(libc_a-puts.o)
                0x080077c0                _puts_r
 *fill*         0x0800786a        0x2 
 .text.puts     0x0800786c       0x10 C:/ST/STM32CubeIDE_1.17.0/STM32CubeIDE/plugins/com.st.stm32cube.ide.mcu.externaltools.gnu-tools-for-stm32.12.3.rel1.win32_1.1.0.202410251130/tools/bin/../lib/gcc/arm-none-eabi/12.3.1/../../../../arm-none-eabi/lib/thumb/v7e-m+fp/hard\libc_nano.a(libc_a-puts.o)
                0x0800786c                puts
 .text.__sread  0x0800787c       0x22 C:/ST/STM32CubeIDE_1.17.0/STM32CubeIDE/plugins/com.st.stm32cube.ide.mcu.externaltools.gnu-tools-for-stm32.12.3.rel1.win32_1.1.0.202410251130/tools/bin/../lib/gcc/arm-none-eabi/12.3.1/../../../../arm-none-eabi/lib/thumb/v7e-m+fp/hard\libc_nano.a(libc_a-stdio.o)
                0x0800787c                __sread
 .text.__swrite
                0x0800789e       0x38 C:/ST/STM32CubeIDE_1.17.0/STM32CubeIDE/plugins/com.st.stm32cube.ide.mcu.externaltools.gnu-tools-for-stm32.12.3.rel1.win32_1.1.0.202410251130/tools/bin/../lib/gcc/arm-none-eabi/12.3.1/../../../../arm-none-eabi/lib/thumb/v7e-m+fp/hard\libc_nano.a(libc_a-stdio.o)
                0x0800789e                __swrite
 .text.__sseek  0x080078d6       0x24 C:/ST/STM32CubeIDE_1.17.0/STM32CubeIDE/plugins/com.st.stm32cube.ide.mcu.externaltools.gnu-tools-for-stm32.12.3.rel1.win32_1.1.0.202410251130/tools/bin/../lib/gcc/arm-none-eabi/12.3.1/../../../../arm-none-eabi/lib/thumb/v7e-m+fp/hard\libc_nano.a(libc_a-stdio.o)
                0x080078d6                __sseek
 .text.__sclose
                0x080078fa        0x8 C:/ST/STM32CubeIDE_1.17.0/STM32CubeIDE/plugins/com.st.stm32cube.ide.mcu.externaltools.gnu-tools-for-stm32.12.3.rel1.win32_1.1.0.202410251130/tools/bin/../lib/gcc/arm-none-eabi/12.3.1/../../../../arm-none-eabi/lib/thumb/v7e-m+fp/hard\libc_nano.a(libc_a-stdio.o)
                0x080078fa                __sclose
 .text.__swbuf_r
                0x08007902       0x7c C:/ST/STM32CubeIDE_1.17.0/STM32CubeIDE/plugins/com.st.stm32cube.ide.mcu.externaltools.gnu-tools-for-stm32.12.3.rel1.win32_1.1.0.202410251130/tools/bin/../lib/gcc/arm-none-eabi/12.3.1/../../../../arm-none-eabi/lib/thumb/v7e-m+fp/hard\libc_nano.a(libc_a-wbuf.o)
                0x08007902                __swbuf_r
 *fill*         0x0800797e        0x2 
 .text.__swsetup_r
                0x08007980       0xac C:/ST/STM32CubeIDE_1.17.0/STM32CubeIDE/plugins/com.st.stm32cube.ide.mcu.externaltools.gnu-tools-for-stm32.12.3.rel1.win32_1.1.0.202410251130/tools/bin/../lib/gcc/arm-none-eabi/12.3.1/../../../../arm-none-eabi/lib/thumb/v7e-m+fp/hard\libc_nano.a(libc_a-wsetup.o)
                0x08007980                __swsetup_r
 .text.memset   0x08007a2c       0x10 C:/ST/STM32CubeIDE_1.17.0/STM32CubeIDE/plugins/com.st.stm32cube.ide.mcu.externaltools.gnu-tools-for-stm32.12.3.rel1.win32_1.1.0.202410251130/tools/bin/../lib/gcc/arm-none-eabi/12.3.1/../../../../arm-none-eabi/lib/thumb/v7e-m+fp/hard\libc_nano.a(libc_a-memset.o)
                0x08007a2c                memset
 .text._close_r
                0x08007a3c       0x20 C:/ST/STM32CubeIDE_1.17.0/STM32CubeIDE/plugins/com.st.stm32cube.ide.mcu.externaltools.gnu-tools-for-stm32.12.3.rel1.win32_1.1.0.202410251130/tools/bin/../lib/gcc/arm-none-eabi/12.3.1/../../../../arm-none-eabi/lib/thumb/v7e-m+fp/hard\libc_nano.a(libc_a-closer.o)
                0x08007a3c                _close_r
 .text._lseek_r
                0x08007a5c       0x24 C:/ST/STM32CubeIDE_1.17.0/STM32CubeIDE/plugins/com.st.stm32cube.ide.mcu.externaltools.gnu-tools-for-stm32.12.3.rel1.win32_1.1.0.202410251130/tools/bin/../lib/gcc/arm-none-eabi/12.3.1/../../../../arm-none-eabi/lib/thumb/v7e-m+fp/hard\libc_nano.a(libc_a-lseekr.o)
                0x08007a5c                _lseek_r
 .text._read_r  0x08007a80       0x24 C:/ST/STM32CubeIDE_1.17.0/STM32CubeIDE/plugins/com.st.stm32cube.ide.mcu.externaltools.gnu-tools-for-stm32.12.3.rel1.win32_1.1.0.202410251130/tools/bin/../lib/gcc/arm-none-eabi/12.3.1/../../../../arm-none-eabi/lib/thumb/v7e-m+fp/hard\libc_nano.a(libc_a-readr.o)
                0x08007a80                _read_r
 .text._write_r
                0x08007aa4       0x24 C:/ST/STM32CubeIDE_1.17.0/STM32CubeIDE/plugins/com.st.stm32cube.ide.mcu.externaltools.gnu-tools-for-stm32.12.3.rel1.win32_1.1.0.202410251130/tools/bin/../lib/gcc/arm-none-eabi/12.3.1/../../../../arm-none-eabi/lib/thumb/v7e-m+fp/hard\libc_nano.a(libc_a-writer.o)
                0x08007aa4                _write_r
 .text.__errno  0x08007ac8        0xc C:/ST/STM32CubeIDE_1.17.0/STM32CubeIDE/plugins/com.st.stm32cube.ide.mcu.externaltools.gnu-tools-for-stm32.12.3.rel1.win32_1.1.0.202410251130/tools/bin/../lib/gcc/arm-none-eabi/12.3.1/../../../../arm-none-eabi/lib/thumb/v7e-m+fp/hard\libc_nano.a(libc_a-errno.o)
                0x08007ac8                __errno
 .text.__libc_init_array
                0x08007ad4       0x48 C:/ST/STM32CubeIDE_1.17.0/STM32CubeIDE/plugins/com.st.stm32cube.ide.mcu.externaltools.gnu-tools-for-stm32.12.3.rel1.win32_1.1.0.202410251130/tools/bin/../lib/gcc/arm-none-eabi/12.3.1/../../../../arm-none-eabi/lib/thumb/v7e-m+fp/hard\libc_nano.a(libc_a-init.o)
                0x08007ad4                __libc_init_array
 .text.__retarget_lock_init_recursive
                0x08007b1c        0x2 C:/ST/STM32CubeIDE_1.17.0/STM32CubeIDE/plugins/com.st.stm32cube.ide.mcu.externaltools.gnu-tools-for-stm32.12.3.rel1.win32_1.1.0.202410251130/tools/bin/../lib/gcc/arm-none-eabi/12.3.1/../../../../arm-none-eabi/lib/thumb/v7e-m+fp/hard\libc_nano.a(libc_a-lock.o)
                0x08007b1c                __retarget_lock_init_recursive
 .text.__retarget_lock_acquire_recursive
                0x08007b1e        0x2 C:/ST/STM32CubeIDE_1.17.0/STM32CubeIDE/plugins/com.st.stm32cube.ide.mcu.externaltools.gnu-tools-for-stm32.12.3.rel1.win32_1.1.0.202410251130/tools/bin/../lib/gcc/arm-none-eabi/12.3.1/../../../../arm-none-eabi/lib/thumb/v7e-m+fp/hard\libc_nano.a(libc_a-lock.o)
                0x08007b1e                __retarget_lock_acquire_recursive
 .text.__retarget_lock_release_recursive
                0x08007b20        0x2 C:/ST/STM32CubeIDE_1.17.0/STM32CubeIDE/plugins/com.st.stm32cube.ide.mcu.externaltools.gnu-tools-for-stm32.12.3.rel1.win32_1.1.0.202410251130/tools/bin/../lib/gcc/arm-none-eabi/12.3.1/../../../../arm-none-eabi/lib/thumb/v7e-m+fp/hard\libc_nano.a(libc_a-lock.o)
                0x08007b20                __retarget_lock_release_recursive
 *fill*         0x08007b22        0x2 
 .text._free_r  0x08007b24       0x94 C:/ST/STM32CubeIDE_1.17.0/STM32CubeIDE/plugins/com.st.stm32cube.ide.mcu.externaltools.gnu-tools-for-stm32.12.3.rel1.win32_1.1.0.202410251130/tools/bin/../lib/gcc/arm-none-eabi/12.3.1/../../../../arm-none-eabi/lib/thumb/v7e-m+fp/hard\libc_nano.a(libc_a-freer.o)
                0x08007b24                _free_r
 .text.sbrk_aligned
                0x08007bb8       0x44 C:/ST/STM32CubeIDE_1.17.0/STM32CubeIDE/plugins/com.st.stm32cube.ide.mcu.externaltools.gnu-tools-for-stm32.12.3.rel1.win32_1.1.0.202410251130/tools/bin/../lib/gcc/arm-none-eabi/12.3.1/../../../../arm-none-eabi/lib/thumb/v7e-m+fp/hard\libc_nano.a(libc_a-mallocr.o)
 .text._malloc_r
                0x08007bfc      0x100 C:/ST/STM32CubeIDE_1.17.0/STM32CubeIDE/plugins/com.st.stm32cube.ide.mcu.externaltools.gnu-tools-for-stm32.12.3.rel1.win32_1.1.0.202410251130/tools/bin/../lib/gcc/arm-none-eabi/12.3.1/../../../../arm-none-eabi/lib/thumb/v7e-m+fp/hard\libc_nano.a(libc_a-mallocr.o)
                0x08007bfc                _malloc_r
 .text.__malloc_lock
                0x08007cfc        0xc C:/ST/STM32CubeIDE_1.17.0/STM32CubeIDE/plugins/com.st.stm32cube.ide.mcu.externaltools.gnu-tools-for-stm32.12.3.rel1.win32_1.1.0.202410251130/tools/bin/../lib/gcc/arm-none-eabi/12.3.1/../../../../arm-none-eabi/lib/thumb/v7e-m+fp/hard\libc_nano.a(libc_a-mlock.o)
                0x08007cfc                __malloc_lock
 .text.__malloc_unlock
                0x08007d08        0xc C:/ST/STM32CubeIDE_1.17.0/STM32CubeIDE/plugins/com.st.stm32cube.ide.mcu.externaltools.gnu-tools-for-stm32.12.3.rel1.win32_1.1.0.202410251130/tools/bin/../lib/gcc/arm-none-eabi/12.3.1/../../../../arm-none-eabi/lib/thumb/v7e-m+fp/hard\libc_nano.a(libc_a-mlock.o)
                0x08007d08                __malloc_unlock
 .text.__sfputc_r
                0x08007d14       0x2e C:/ST/STM32CubeIDE_1.17.0/STM32CubeIDE/plugins/com.st.stm32cube.ide.mcu.externaltools.gnu-tools-for-stm32.12.3.rel1.win32_1.1.0.202410251130/tools/bin/../lib/gcc/arm-none-eabi/12.3.1/../../../../arm-none-eabi/lib/thumb/v7e-m+fp/hard\libc_nano.a(libc_a-nano-vfprintf.o)
 .text.__sfputs_r
                0x08007d42       0x24 C:/ST/STM32CubeIDE_1.17.0/STM32CubeIDE/plugins/com.st.stm32cube.ide.mcu.externaltools.gnu-tools-for-stm32.12.3.rel1.win32_1.1.0.202410251130/tools/bin/../lib/gcc/arm-none-eabi/12.3.1/../../../../arm-none-eabi/lib/thumb/v7e-m+fp/hard\libc_nano.a(libc_a-nano-vfprintf.o)
                0x08007d42                __sfputs_r
 *fill*         0x08007d66        0x2 
 .text._vfprintf_r
                0x08007d68      0x230 C:/ST/STM32CubeIDE_1.17.0/STM32CubeIDE/plugins/com.st.stm32cube.ide.mcu.externaltools.gnu-tools-for-stm32.12.3.rel1.win32_1.1.0.202410251130/tools/bin/../lib/gcc/arm-none-eabi/12.3.1/../../../../arm-none-eabi/lib/thumb/v7e-m+fp/hard\libc_nano.a(libc_a-nano-vfprintf.o)
                0x08007d68                _vfprintf_r
                0x08007d68                _vfiprintf_r
 .text._printf_common
                0x08007f98       0xda C:/ST/STM32CubeIDE_1.17.0/STM32CubeIDE/plugins/com.st.stm32cube.ide.mcu.externaltools.gnu-tools-for-stm32.12.3.rel1.win32_1.1.0.202410251130/tools/bin/../lib/gcc/arm-none-eabi/12.3.1/../../../../arm-none-eabi/lib/thumb/v7e-m+fp/hard\libc_nano.a(libc_a-nano-vfprintf_i.o)
                0x08007f98                _printf_common
 *fill*         0x08008072        0x2 
 .text._printf_i
                0x08008074      0x240 C:/ST/STM32CubeIDE_1.17.0/STM32CubeIDE/plugins/com.st.stm32cube.ide.mcu.externaltools.gnu-tools-for-stm32.12.3.rel1.win32_1.1.0.202410251130/tools/bin/../lib/gcc/arm-none-eabi/12.3.1/../../../../arm-none-eabi/lib/thumb/v7e-m+fp/hard\libc_nano.a(libc_a-nano-vfprintf_i.o)
                0x08008074                _printf_i
 .text.__sflush_r
                0x080082b4      0x108 C:/ST/STM32CubeIDE_1.17.0/STM32CubeIDE/plugins/com.st.stm32cube.ide.mcu.externaltools.gnu-tools-for-stm32.12.3.rel1.win32_1.1.0.202410251130/tools/bin/../lib/gcc/arm-none-eabi/12.3.1/../../../../arm-none-eabi/lib/thumb/v7e-m+fp/hard\libc_nano.a(libc_a-fflush.o)
                0x080082b4                __sflush_r
 .text._fflush_r
                0x080083bc       0x50 C:/ST/STM32CubeIDE_1.17.0/STM32CubeIDE/plugins/com.st.stm32cube.ide.mcu.externaltools.gnu-tools-for-stm32.12.3.rel1.win32_1.1.0.202410251130/tools/bin/../lib/gcc/arm-none-eabi/12.3.1/../../../../arm-none-eabi/lib/thumb/v7e-m+fp/hard\libc_nano.a(libc_a-fflush.o)
                0x080083bc                _fflush_r
 .text.__swhatbuf_r
                0x0800840c       0x4c C:/ST/STM32CubeIDE_1.17.0/STM32CubeIDE/plugins/com.st.stm32cube.ide.mcu.externaltools.gnu-tools-for-stm32.12.3.rel1.win32_1.1.0.202410251130/tools/bin/../lib/gcc/arm-none-eabi/12.3.1/../../../../arm-none-eabi/lib/thumb/v7e-m+fp/hard\libc_nano.a(libc_a-makebuf.o)
                0x0800840c                __swhatbuf_r
 .text.__smakebuf_r
                0x08008458       0x78 C:/ST/STM32CubeIDE_1.17.0/STM32CubeIDE/plugins/com.st.stm32cube.ide.mcu.externaltools.gnu-tools-for-stm32.12.3.rel1.win32_1.1.0.202410251130/tools/bin/../lib/gcc/arm-none-eabi/12.3.1/../../../../arm-none-eabi/lib/thumb/v7e-m+fp/hard\libc_nano.a(libc_a-makebuf.o)
                0x08008458                __smakebuf_r
 .text._fstat_r
                0x080084d0       0x24 C:/ST/STM32CubeIDE_1.17.0/STM32CubeIDE/plugins/com.st.stm32cube.ide.mcu.externaltools.gnu-tools-for-stm32.12.3.rel1.win32_1.1.0.202410251130/tools/bin/../lib/gcc/arm-none-eabi/12.3.1/../../../../arm-none-eabi/lib/thumb/v7e-m+fp/hard\libc_nano.a(libc_a-fstatr.o)
                0x080084d0                _fstat_r
 .text._isatty_r
                0x080084f4       0x20 C:/ST/STM32CubeIDE_1.17.0/STM32CubeIDE/plugins/com.st.stm32cube.ide.mcu.externaltools.gnu-tools-for-stm32.12.3.rel1.win32_1.1.0.202410251130/tools/bin/../lib/gcc/arm-none-eabi/12.3.1/../../../../arm-none-eabi/lib/thumb/v7e-m+fp/hard\libc_nano.a(libc_a-isattyr.o)
                0x080084f4                _isatty_r
 .text._sbrk_r  0x08008514       0x20 C:/ST/STM32CubeIDE_1.17.0/STM32CubeIDE/plugins/com.st.stm32cube.ide.mcu.externaltools.gnu-tools-for-stm32.12.3.rel1.win32_1.1.0.202410251130/tools/bin/../lib/gcc/arm-none-eabi/12.3.1/../../../../arm-none-eabi/lib/thumb/v7e-m+fp/hard\libc_nano.a(libc_a-sbrkr.o)
                0x08008514                _sbrk_r
 *(.glue_7)
 .glue_7        0x08008534        0x0 linker stubs
 *(.glue_7t)
 .glue_7t       0x08008534        0x0 linker stubs
 *(.eh_frame)
 .eh_frame      0x08008534        0x0 C:/ST/STM32CubeIDE_1.17.0/STM32CubeIDE/plugins/com.st.stm32cube.ide.mcu.externaltools.gnu-tools-for-stm32.12.3.rel1.win32_1.1.0.202410251130/tools/bin/../lib/gcc/arm-none-eabi/12.3.1/thumb/v7e-m+fp/hard/crtbegin.o
 *(.init)
 .init          0x08008534        0x4 C:/ST/STM32CubeIDE_1.17.0/STM32CubeIDE/plugins/com.st.stm32cube.ide.mcu.externaltools.gnu-tools-for-stm32.12.3.rel1.win32_1.1.0.202410251130/tools/bin/../lib/gcc/arm-none-eabi/12.3.1/thumb/v7e-m+fp/hard/crti.o
                0x08008534                _init
 .init          0x08008538        0x8 C:/ST/STM32CubeIDE_1.17.0/STM32CubeIDE/plugins/com.st.stm32cube.ide.mcu.externaltools.gnu-tools-for-stm32.12.3.rel1.win32_1.1.0.202410251130/tools/bin/../lib/gcc/arm-none-eabi/12.3.1/thumb/v7e-m+fp/hard/crtn.o
 *(.fini)
 .fini          0x08008540        0x4 C:/ST/STM32CubeIDE_1.17.0/STM32CubeIDE/plugins/com.st.stm32cube.ide.mcu.externaltools.gnu-tools-for-stm32.12.3.rel1.win32_1.1.0.202410251130/tools/bin/../lib/gcc/arm-none-eabi/12.3.1/thumb/v7e-m+fp/hard/crti.o
                0x08008540                _fini
 .fini          0x08008544        0x8 C:/ST/STM32CubeIDE_1.17.0/STM32CubeIDE/plugins/com.st.stm32cube.ide.mcu.externaltools.gnu-tools-for-stm32.12.3.rel1.win32_1.1.0.202410251130/tools/bin/../lib/gcc/arm-none-eabi/12.3.1/thumb/v7e-m+fp/hard/crtn.o
                0x0800854c                        . = ALIGN (0x4)
                0x0800854c                        _etext = .

.vfp11_veneer   0x0800854c        0x0
 .vfp11_veneer  0x0800854c        0x0 linker stubs

.v4_bx          0x0800854c        0x0
 .v4_bx         0x0800854c        0x0 linker stubs

.iplt           0x0800854c        0x0
 .iplt          0x0800854c        0x0 C:/ST/STM32CubeIDE_1.17.0/STM32CubeIDE/plugins/com.st.stm32cube.ide.mcu.externaltools.gnu-tools-for-stm32.12.3.rel1.win32_1.1.0.202410251130/tools/bin/../lib/gcc/arm-none-eabi/12.3.1/thumb/v7e-m+fp/hard/crtbegin.o

.rodata         0x0800854c     0x1254
                0x0800854c                        . = ALIGN (0x4)
 *(.rodata)
 .rodata        0x0800854c       0x21 ./Core/Src/ApplicationCode.o
 *fill*         0x0800856d        0x3 
 .rodata        0x08008570       0x12 ./Core/Src/Game.o
 *(.rodata*)
 *fill*         0x08008582        0x2 
 .rodata.ASCII16x24_Table
                0x08008584     0x11d0 ./Core/Src/fonts.o
                0x08008584                ASCII16x24_Table
 .rodata.AHBPrescTable
                0x08009754       0x10 ./Core/Src/system_stm32f4xx.o
                0x08009754                AHBPrescTable
 .rodata.APBPrescTable
                0x08009764        0x8 ./Core/Src/system_stm32f4xx.o
                0x08009764                APBPrescTable
 .rodata._vfprintf_r.str1.1
                0x0800976c       0x11 C:/ST/STM32CubeIDE_1.17.0/STM32CubeIDE/plugins/com.st.stm32cube.ide.mcu.externaltools.gnu-tools-for-stm32.12.3.rel1.win32_1.1.0.202410251130/tools/bin/../lib/gcc/arm-none-eabi/12.3.1/../../../../arm-none-eabi/lib/thumb/v7e-m+fp/hard\libc_nano.a(libc_a-nano-vfprintf.o)
 .rodata._printf_i.str1.1
                0x0800977d       0x22 C:/ST/STM32CubeIDE_1.17.0/STM32CubeIDE/plugins/com.st.stm32cube.ide.mcu.externaltools.gnu-tools-for-stm32.12.3.rel1.win32_1.1.0.202410251130/tools/bin/../lib/gcc/arm-none-eabi/12.3.1/../../../../arm-none-eabi/lib/thumb/v7e-m+fp/hard\libc_nano.a(libc_a-nano-vfprintf_i.o)
                0x080097a0                        . = ALIGN (0x4)
 *fill*         0x0800979f        0x1 

.ARM.extab      0x080097a0        0x0
                0x080097a0                        . = ALIGN (0x4)
 *(.ARM.extab* .gnu.linkonce.armextab.*)
                0x080097a0                        . = ALIGN (0x4)

.ARM            0x080097a0        0x8
                0x080097a0                        . = ALIGN (0x4)
                0x080097a0                        __exidx_start = .
 *(.ARM.exidx*)
 .ARM.exidx     0x080097a0        0x8 C:/ST/STM32CubeIDE_1.17.0/STM32CubeIDE/plugins/com.st.stm32cube.ide.mcu.externaltools.gnu-tools-for-stm32.12.3.rel1.win32_1.1.0.202410251130/tools/bin/../lib/gcc/arm-none-eabi/12.3.1/../../../../arm-none-eabi/lib/thumb/v7e-m+fp/hard\libc_nano.a(libc_a-memchr.o)
 .ARM.exidx     0x080097a8        0x0 C:/ST/STM32CubeIDE_1.17.0/STM32CubeIDE/plugins/com.st.stm32cube.ide.mcu.externaltools.gnu-tools-for-stm32.12.3.rel1.win32_1.1.0.202410251130/tools/bin/../lib/gcc/arm-none-eabi/12.3.1/thumb/v7e-m+fp/hard\libgcc.a(_udivmoddi4.o)
                                  0x8 (size before relaxing)
                0x080097a8                        __exidx_end = .
                0x080097a8                        . = ALIGN (0x4)

.preinit_array  0x080097a8        0x0
                0x080097a8                        . = ALIGN (0x4)
                0x080097a8                        PROVIDE (__preinit_array_start = .)
 *(.preinit_array*)
                0x080097a8                        PROVIDE (__preinit_array_end = .)
                0x080097a8                        . = ALIGN (0x4)

.init_array     0x080097a8        0x4
                0x080097a8                        . = ALIGN (0x4)
                0x080097a8                        PROVIDE (__init_array_start = .)
 *(SORT_BY_NAME(.init_array.*))
 *(.init_array*)
 .init_array    0x080097a8        0x4 C:/ST/STM32CubeIDE_1.17.0/STM32CubeIDE/plugins/com.st.stm32cube.ide.mcu.externaltools.gnu-tools-for-stm32.12.3.rel1.win32_1.1.0.202410251130/tools/bin/../lib/gcc/arm-none-eabi/12.3.1/thumb/v7e-m+fp/hard/crtbegin.o
                0x080097ac                        PROVIDE (__init_array_end = .)
                0x080097ac                        . = ALIGN (0x4)

.fini_array     0x080097ac        0x4
                0x080097ac                        . = ALIGN (0x4)
                [!provide]                        PROVIDE (__fini_array_start = .)
 *(SORT_BY_NAME(.fini_array.*))
 *(.fini_array*)
 .fini_array    0x080097ac        0x4 C:/ST/STM32CubeIDE_1.17.0/STM32CubeIDE/plugins/com.st.stm32cube.ide.mcu.externaltools.gnu-tools-for-stm32.12.3.rel1.win32_1.1.0.202410251130/tools/bin/../lib/gcc/arm-none-eabi/12.3.1/thumb/v7e-m+fp/hard/crtbegin.o
                [!provide]                        PROVIDE (__fini_array_end = .)
                0x080097b0                        . = ALIGN (0x4)
                0x080097b0                        _sidata = LOADADDR (.data)

.rel.dyn        0x080097b0        0x0
 .rel.iplt      0x080097b0        0x0 C:/ST/STM32CubeIDE_1.17.0/STM32CubeIDE/plugins/com.st.stm32cube.ide.mcu.externaltools.gnu-tools-for-stm32.12.3.rel1.win32_1.1.0.202410251130/tools/bin/../lib/gcc/arm-none-eabi/12.3.1/thumb/v7e-m+fp/hard/crtbegin.o

.data           0x20000000       0x78 load address 0x080097b0
                0x20000000                        . = ALIGN (0x4)
                0x20000000                        _sdata = .
 *(.data)
 *(.data*)
 .data.CurrentTextColor
                0x20000000        0x2 ./Core/Src/LCD_Driver.o
 *fill*         0x20000002        0x2 
 .data.Font16x24
                0x20000004        0x8 ./Core/Src/fonts.o
                0x20000004                Font16x24
 .data.SpiTimeout
                0x2000000c        0x4 ./Core/Src/ili9341.o
                0x2000000c                SpiTimeout
 .data.SystemCoreClock
                0x20000010        0x4 ./Core/Src/system_stm32f4xx.o
                0x20000010                SystemCoreClock
 .data.uwTickPrio
                0x20000014        0x4 ./Drivers/STM32F4xx_HAL_Driver/Src/stm32f4xx_hal.o
                0x20000014                uwTickPrio
 .data.uwTickFreq
                0x20000018        0x1 ./Drivers/STM32F4xx_HAL_Driver/Src/stm32f4xx_hal.o
                0x20000018                uwTickFreq
 *fill*         0x20000019        0x3 
 .data.__sglue  0x2000001c        0xc C:/ST/STM32CubeIDE_1.17.0/STM32CubeIDE/plugins/com.st.stm32cube.ide.mcu.externaltools.gnu-tools-for-stm32.12.3.rel1.win32_1.1.0.202410251130/tools/bin/../lib/gcc/arm-none-eabi/12.3.1/../../../../arm-none-eabi/lib/thumb/v7e-m+fp/hard\libc_nano.a(libc_a-findfp.o)
                0x2000001c                __sglue
 .data._impure_ptr
                0x20000028        0x4 C:/ST/STM32CubeIDE_1.17.0/STM32CubeIDE/plugins/com.st.stm32cube.ide.mcu.externaltools.gnu-tools-for-stm32.12.3.rel1.win32_1.1.0.202410251130/tools/bin/../lib/gcc/arm-none-eabi/12.3.1/../../../../arm-none-eabi/lib/thumb/v7e-m+fp/hard\libc_nano.a(libc_a-impure.o)
                0x20000028                _impure_ptr
 .data._impure_data
                0x2000002c       0x4c C:/ST/STM32CubeIDE_1.17.0/STM32CubeIDE/plugins/com.st.stm32cube.ide.mcu.externaltools.gnu-tools-for-stm32.12.3.rel1.win32_1.1.0.202410251130/tools/bin/../lib/gcc/arm-none-eabi/12.3.1/../../../../arm-none-eabi/lib/thumb/v7e-m+fp/hard\libc_nano.a(libc_a-impure.o)
                0x2000002c                _impure_data
 *(.RamFunc)
 *(.RamFunc*)
                0x20000078                        . = ALIGN (0x4)
                0x20000078                        _edata = .
                0x08009828                        _siccmram = LOADADDR (.ccmram)

.igot.plt       0x20000078        0x0 load address 0x08009828
 .igot.plt      0x20000078        0x0 C:/ST/STM32CubeIDE_1.17.0/STM32CubeIDE/plugins/com.st.stm32cube.ide.mcu.externaltools.gnu-tools-for-stm32.12.3.rel1.win32_1.1.0.202410251130/tools/bin/../lib/gcc/arm-none-eabi/12.3.1/thumb/v7e-m+fp/hard/crtbegin.o

.ccmram         0x10000000        0x0 load address 0x08009828
                0x10000000                        . = ALIGN (0x4)
                0x10000000                        _sccmram = .
 *(.ccmram)
 *(.ccmram*)
                0x10000000                        . = ALIGN (0x4)
                0x10000000                        _eccmram = .
                0x10000000                        . = ALIGN (0x4)

.bss            0x20000078    0x25cf4
                0x20000078                        _sbss = .
                0x20000078                        __bss_start__ = _sbss
 *(.bss)
 .bss           0x20000078       0x1c C:/ST/STM32CubeIDE_1.17.0/STM32CubeIDE/plugins/com.st.stm32cube.ide.mcu.externaltools.gnu-tools-for-stm32.12.3.rel1.win32_1.1.0.202410251130/tools/bin/../lib/gcc/arm-none-eabi/12.3.1/thumb/v7e-m+fp/hard/crtbegin.o
 *(.bss*)
 .bss.StaticTouchData
                0x20000094        0x8 ./Core/Src/ApplicationCode.o
 .bss.Game      0x2000009c       0x33 ./Core/Src/Game.o
                0x2000009c                Game
 *fill*         0x200000cf        0x1 
 .bss.hrng      0x200000d0       0x10 ./Core/Src/Game.o
                0x200000d0                hrng
 .bss.TouchScreen
                0x200000e0        0x8 ./Core/Src/Game.o
 .bss.lastTick.0
                0x200000e8        0x4 ./Core/Src/Game.o
 .bss.hltdc     0x200000ec       0xa8 ./Core/Src/LCD_Driver.o
 .bss.PeriphClkInitStruct
                0x20000194       0x30 ./Core/Src/LCD_Driver.o
 .bss.LCD_Currentfonts
                0x200001c4        0x4 ./Core/Src/LCD_Driver.o
 .bss.frameBuffer
                0x200001c8    0x25800 ./Core/Src/LCD_Driver.o
                0x200001c8                frameBuffer
 .bss.SpiHandle
                0x200259c8       0x58 ./Core/Src/ili9341.o
 .bss.Is_LCD_IO_Initialized
                0x20025a20        0x1 ./Core/Src/ili9341.o
 *fill*         0x20025a21        0x3 
 .bss.hi2c3     0x20025a24       0x54 ./Core/Src/main.o
                0x20025a24                hi2c3
 .bss.hltdc     0x20025a78       0xa8 ./Core/Src/main.o
                0x20025a78                hltdc
 .bss.hspi5     0x20025b20       0x58 ./Core/Src/main.o
                0x20025b20                hspi5
 .bss.htim2     0x20025b78       0x48 ./Core/Src/main.o
                0x20025b78                htim2
 .bss.hI2C3     0x20025bc0       0x54 ./Core/Src/stmpe811.o
 .bss.HAL_status
                0x20025c14        0x1 ./Core/Src/stmpe811.o
 *fill*         0x20025c15        0x3 
 .bss.__sbrk_heap_end
                0x20025c18        0x4 ./Core/Src/sysmem.o
 .bss.uwTick    0x20025c1c        0x4 ./Drivers/STM32F4xx_HAL_Driver/Src/stm32f4xx_hal.o
                0x20025c1c                uwTick
 .bss.__sf      0x20025c20      0x138 C:/ST/STM32CubeIDE_1.17.0/STM32CubeIDE/plugins/com.st.stm32cube.ide.mcu.externaltools.gnu-tools-for-stm32.12.3.rel1.win32_1.1.0.202410251130/tools/bin/../lib/gcc/arm-none-eabi/12.3.1/../../../../arm-none-eabi/lib/thumb/v7e-m+fp/hard\libc_nano.a(libc_a-findfp.o)
                0x20025c20                __sf
 .bss.__stdio_exit_handler
                0x20025d58        0x4 C:/ST/STM32CubeIDE_1.17.0/STM32CubeIDE/plugins/com.st.stm32cube.ide.mcu.externaltools.gnu-tools-for-stm32.12.3.rel1.win32_1.1.0.202410251130/tools/bin/../lib/gcc/arm-none-eabi/12.3.1/../../../../arm-none-eabi/lib/thumb/v7e-m+fp/hard\libc_nano.a(libc_a-findfp.o)
                0x20025d58                __stdio_exit_handler
 .bss.errno     0x20025d5c        0x4 C:/ST/STM32CubeIDE_1.17.0/STM32CubeIDE/plugins/com.st.stm32cube.ide.mcu.externaltools.gnu-tools-for-stm32.12.3.rel1.win32_1.1.0.202410251130/tools/bin/../lib/gcc/arm-none-eabi/12.3.1/../../../../arm-none-eabi/lib/thumb/v7e-m+fp/hard\libc_nano.a(libc_a-reent.o)
                0x20025d5c                errno
 .bss.__lock___malloc_recursive_mutex
                0x20025d60        0x1 C:/ST/STM32CubeIDE_1.17.0/STM32CubeIDE/plugins/com.st.stm32cube.ide.mcu.externaltools.gnu-tools-for-stm32.12.3.rel1.win32_1.1.0.202410251130/tools/bin/../lib/gcc/arm-none-eabi/12.3.1/../../../../arm-none-eabi/lib/thumb/v7e-m+fp/hard\libc_nano.a(libc_a-lock.o)
                0x20025d60                __lock___malloc_recursive_mutex
 .bss.__lock___sfp_recursive_mutex
                0x20025d61        0x1 C:/ST/STM32CubeIDE_1.17.0/STM32CubeIDE/plugins/com.st.stm32cube.ide.mcu.externaltools.gnu-tools-for-stm32.12.3.rel1.win32_1.1.0.202410251130/tools/bin/../lib/gcc/arm-none-eabi/12.3.1/../../../../arm-none-eabi/lib/thumb/v7e-m+fp/hard\libc_nano.a(libc_a-lock.o)
                0x20025d61                __lock___sfp_recursive_mutex
 *fill*         0x20025d62        0x2 
 .bss.__malloc_sbrk_start
                0x20025d64        0x4 C:/ST/STM32CubeIDE_1.17.0/STM32CubeIDE/plugins/com.st.stm32cube.ide.mcu.externaltools.gnu-tools-for-stm32.12.3.rel1.win32_1.1.0.202410251130/tools/bin/../lib/gcc/arm-none-eabi/12.3.1/../../../../arm-none-eabi/lib/thumb/v7e-m+fp/hard\libc_nano.a(libc_a-mallocr.o)
                0x20025d64                __malloc_sbrk_start
 .bss.__malloc_free_list
                0x20025d68        0x4 C:/ST/STM32CubeIDE_1.17.0/STM32CubeIDE/plugins/com.st.stm32cube.ide.mcu.externaltools.gnu-tools-for-stm32.12.3.rel1.win32_1.1.0.202410251130/tools/bin/../lib/gcc/arm-none-eabi/12.3.1/../../../../arm-none-eabi/lib/thumb/v7e-m+fp/hard\libc_nano.a(libc_a-mallocr.o)
                0x20025d68                __malloc_free_list
 *(COMMON)
                0x20025d6c                        . = ALIGN (0x4)
                0x20025d6c                        _ebss = .
                0x20025d6c                        __bss_end__ = _ebss

._user_heap_stack
                0x20025d6c      0x604
                0x20025d70                        . = ALIGN (0x8)
 *fill*         0x20025d6c        0x4 
                [!provide]                        PROVIDE (end = .)
                0x20025d70                        PROVIDE (_end = .)
                0x20025f70                        . = (. + _Min_Heap_Size)
 *fill*         0x20025d70      0x200 
                0x20026370                        . = (. + _Min_Stack_Size)
 *fill*         0x20025f70      0x400 
                0x20026370                        . = ALIGN (0x8)

/DISCARD/
 libc.a(*)
 libm.a(*)
 libgcc.a(*)

.ARM.attributes
                0x00000000       0x30
 *(.ARM.attributes)
 .ARM.attributes
                0x00000000       0x22 C:/ST/STM32CubeIDE_1.17.0/STM32CubeIDE/plugins/com.st.stm32cube.ide.mcu.externaltools.gnu-tools-for-stm32.12.3.rel1.win32_1.1.0.202410251130/tools/bin/../lib/gcc/arm-none-eabi/12.3.1/thumb/v7e-m+fp/hard/crti.o
 .ARM.attributes
                0x00000022       0x34 C:/ST/STM32CubeIDE_1.17.0/STM32CubeIDE/plugins/com.st.stm32cube.ide.mcu.externaltools.gnu-tools-for-stm32.12.3.rel1.win32_1.1.0.202410251130/tools/bin/../lib/gcc/arm-none-eabi/12.3.1/thumb/v7e-m+fp/hard/crtbegin.o
 .ARM.attributes
                0x00000056       0x34 ./Core/Src/ApplicationCode.o
 .ARM.attributes
                0x0000008a       0x34 ./Core/Src/Button_Driver.o
 .ARM.attributes
                0x000000be       0x34 ./Core/Src/Game.o
 .ARM.attributes
                0x000000f2       0x34 ./Core/Src/InterruptControl.o
 .ARM.attributes
                0x00000126       0x34 ./Core/Src/LCD_Driver.o
 .ARM.attributes
                0x0000015a       0x34 ./Core/Src/fonts.o
 .ARM.attributes
                0x0000018e       0x34 ./Core/Src/ili9341.o
 .ARM.attributes
                0x000001c2       0x34 ./Core/Src/main.o
 .ARM.attributes
                0x000001f6       0x34 ./Core/Src/stm32f4xx_hal_msp.o
 .ARM.attributes
                0x0000022a       0x34 ./Core/Src/stm32f4xx_it.o
 .ARM.attributes
                0x0000025e       0x34 ./Core/Src/stmpe811.o
 .ARM.attributes
                0x00000292       0x34 ./Core/Src/syscalls.o
 .ARM.attributes
                0x000002c6       0x34 ./Core/Src/sysmem.o
 .ARM.attributes
                0x000002fa       0x34 ./Core/Src/system_stm32f4xx.o
 .ARM.attributes
                0x0000032e       0x21 ./Core/Startup/startup_stm32f429zitx.o
 .ARM.attributes
                0x0000034f       0x34 ./Drivers/STM32F4xx_HAL_Driver/Src/stm32f4xx_hal.o
 .ARM.attributes
                0x00000383       0x34 ./Drivers/STM32F4xx_HAL_Driver/Src/stm32f4xx_hal_cortex.o
 .ARM.attributes
                0x000003b7       0x34 ./Drivers/STM32F4xx_HAL_Driver/Src/stm32f4xx_hal_gpio.o
 .ARM.attributes
                0x000003eb       0x34 ./Drivers/STM32F4xx_HAL_Driver/Src/stm32f4xx_hal_i2c.o
 .ARM.attributes
                0x0000041f       0x34 ./Drivers/STM32F4xx_HAL_Driver/Src/stm32f4xx_hal_i2c_ex.o
 .ARM.attributes
                0x00000453       0x34 ./Drivers/STM32F4xx_HAL_Driver/Src/stm32f4xx_hal_ltdc.o
 .ARM.attributes
                0x00000487       0x34 ./Drivers/STM32F4xx_HAL_Driver/Src/stm32f4xx_hal_rcc.o
 .ARM.attributes
                0x000004bb       0x34 ./Drivers/STM32F4xx_HAL_Driver/Src/stm32f4xx_hal_rcc_ex.o
 .ARM.attributes
                0x000004ef       0x34 ./Drivers/STM32F4xx_HAL_Driver/Src/stm32f4xx_hal_rng.o
 .ARM.attributes
                0x00000523       0x34 ./Drivers/STM32F4xx_HAL_Driver/Src/stm32f4xx_hal_spi.o
 .ARM.attributes
                0x00000557       0x34 ./Drivers/STM32F4xx_HAL_Driver/Src/stm32f4xx_hal_tim.o
 .ARM.attributes
                0x0000058b       0x34 ./Drivers/STM32F4xx_HAL_Driver/Src/stm32f4xx_hal_tim_ex.o
 .ARM.attributes
                0x000005bf       0x34 C:/ST/STM32CubeIDE_1.17.0/STM32CubeIDE/plugins/com.st.stm32cube.ide.mcu.externaltools.gnu-tools-for-stm32.12.3.rel1.win32_1.1.0.202410251130/tools/bin/../lib/gcc/arm-none-eabi/12.3.1/../../../../arm-none-eabi/lib/thumb/v7e-m+fp/hard\libc_nano.a(libc_a-findfp.o)
 .ARM.attributes
                0x000005f3       0x34 C:/ST/STM32CubeIDE_1.17.0/STM32CubeIDE/plugins/com.st.stm32cube.ide.mcu.externaltools.gnu-tools-for-stm32.12.3.rel1.win32_1.1.0.202410251130/tools/bin/../lib/gcc/arm-none-eabi/12.3.1/../../../../arm-none-eabi/lib/thumb/v7e-m+fp/hard\libc_nano.a(libc_a-fwalk.o)
 .ARM.attributes
                0x00000627       0x34 C:/ST/STM32CubeIDE_1.17.0/STM32CubeIDE/plugins/com.st.stm32cube.ide.mcu.externaltools.gnu-tools-for-stm32.12.3.rel1.win32_1.1.0.202410251130/tools/bin/../lib/gcc/arm-none-eabi/12.3.1/../../../../arm-none-eabi/lib/thumb/v7e-m+fp/hard\libc_nano.a(libc_a-printf.o)
 .ARM.attributes
                0x0000065b       0x34 C:/ST/STM32CubeIDE_1.17.0/STM32CubeIDE/plugins/com.st.stm32cube.ide.mcu.externaltools.gnu-tools-for-stm32.12.3.rel1.win32_1.1.0.202410251130/tools/bin/../lib/gcc/arm-none-eabi/12.3.1/../../../../arm-none-eabi/lib/thumb/v7e-m+fp/hard\libc_nano.a(libc_a-puts.o)
 .ARM.attributes
                0x0000068f       0x34 C:/ST/STM32CubeIDE_1.17.0/STM32CubeIDE/plugins/com.st.stm32cube.ide.mcu.externaltools.gnu-tools-for-stm32.12.3.rel1.win32_1.1.0.202410251130/tools/bin/../lib/gcc/arm-none-eabi/12.3.1/../../../../arm-none-eabi/lib/thumb/v7e-m+fp/hard\libc_nano.a(libc_a-stdio.o)
 .ARM.attributes
                0x000006c3       0x34 C:/ST/STM32CubeIDE_1.17.0/STM32CubeIDE/plugins/com.st.stm32cube.ide.mcu.externaltools.gnu-tools-for-stm32.12.3.rel1.win32_1.1.0.202410251130/tools/bin/../lib/gcc/arm-none-eabi/12.3.1/../../../../arm-none-eabi/lib/thumb/v7e-m+fp/hard\libc_nano.a(libc_a-wbuf.o)
 .ARM.attributes
                0x000006f7       0x34 C:/ST/STM32CubeIDE_1.17.0/STM32CubeIDE/plugins/com.st.stm32cube.ide.mcu.externaltools.gnu-tools-for-stm32.12.3.rel1.win32_1.1.0.202410251130/tools/bin/../lib/gcc/arm-none-eabi/12.3.1/../../../../arm-none-eabi/lib/thumb/v7e-m+fp/hard\libc_nano.a(libc_a-wsetup.o)
 .ARM.attributes
                0x0000072b       0x34 C:/ST/STM32CubeIDE_1.17.0/STM32CubeIDE/plugins/com.st.stm32cube.ide.mcu.externaltools.gnu-tools-for-stm32.12.3.rel1.win32_1.1.0.202410251130/tools/bin/../lib/gcc/arm-none-eabi/12.3.1/../../../../arm-none-eabi/lib/thumb/v7e-m+fp/hard\libc_nano.a(libc_a-memset.o)
 .ARM.attributes
                0x0000075f       0x34 C:/ST/STM32CubeIDE_1.17.0/STM32CubeIDE/plugins/com.st.stm32cube.ide.mcu.externaltools.gnu-tools-for-stm32.12.3.rel1.win32_1.1.0.202410251130/tools/bin/../lib/gcc/arm-none-eabi/12.3.1/../../../../arm-none-eabi/lib/thumb/v7e-m+fp/hard\libc_nano.a(libc_a-closer.o)
 .ARM.attributes
                0x00000793       0x34 C:/ST/STM32CubeIDE_1.17.0/STM32CubeIDE/plugins/com.st.stm32cube.ide.mcu.externaltools.gnu-tools-for-stm32.12.3.rel1.win32_1.1.0.202410251130/tools/bin/../lib/gcc/arm-none-eabi/12.3.1/../../../../arm-none-eabi/lib/thumb/v7e-m+fp/hard\libc_nano.a(libc_a-reent.o)
 .ARM.attributes
                0x000007c7       0x34 C:/ST/STM32CubeIDE_1.17.0/STM32CubeIDE/plugins/com.st.stm32cube.ide.mcu.externaltools.gnu-tools-for-stm32.12.3.rel1.win32_1.1.0.202410251130/tools/bin/../lib/gcc/arm-none-eabi/12.3.1/../../../../arm-none-eabi/lib/thumb/v7e-m+fp/hard\libc_nano.a(libc_a-impure.o)
 .ARM.attributes
                0x000007fb       0x34 C:/ST/STM32CubeIDE_1.17.0/STM32CubeIDE/plugins/com.st.stm32cube.ide.mcu.externaltools.gnu-tools-for-stm32.12.3.rel1.win32_1.1.0.202410251130/tools/bin/../lib/gcc/arm-none-eabi/12.3.1/../../../../arm-none-eabi/lib/thumb/v7e-m+fp/hard\libc_nano.a(libc_a-lseekr.o)
 .ARM.attributes
                0x0000082f       0x34 C:/ST/STM32CubeIDE_1.17.0/STM32CubeIDE/plugins/com.st.stm32cube.ide.mcu.externaltools.gnu-tools-for-stm32.12.3.rel1.win32_1.1.0.202410251130/tools/bin/../lib/gcc/arm-none-eabi/12.3.1/../../../../arm-none-eabi/lib/thumb/v7e-m+fp/hard\libc_nano.a(libc_a-readr.o)
 .ARM.attributes
                0x00000863       0x34 C:/ST/STM32CubeIDE_1.17.0/STM32CubeIDE/plugins/com.st.stm32cube.ide.mcu.externaltools.gnu-tools-for-stm32.12.3.rel1.win32_1.1.0.202410251130/tools/bin/../lib/gcc/arm-none-eabi/12.3.1/../../../../arm-none-eabi/lib/thumb/v7e-m+fp/hard\libc_nano.a(libc_a-writer.o)
 .ARM.attributes
                0x00000897       0x34 C:/ST/STM32CubeIDE_1.17.0/STM32CubeIDE/plugins/com.st.stm32cube.ide.mcu.externaltools.gnu-tools-for-stm32.12.3.rel1.win32_1.1.0.202410251130/tools/bin/../lib/gcc/arm-none-eabi/12.3.1/../../../../arm-none-eabi/lib/thumb/v7e-m+fp/hard\libc_nano.a(libc_a-errno.o)
 .ARM.attributes
                0x000008cb       0x34 C:/ST/STM32CubeIDE_1.17.0/STM32CubeIDE/plugins/com.st.stm32cube.ide.mcu.externaltools.gnu-tools-for-stm32.12.3.rel1.win32_1.1.0.202410251130/tools/bin/../lib/gcc/arm-none-eabi/12.3.1/../../../../arm-none-eabi/lib/thumb/v7e-m+fp/hard\libc_nano.a(libc_a-init.o)
 .ARM.attributes
                0x000008ff       0x34 C:/ST/STM32CubeIDE_1.17.0/STM32CubeIDE/plugins/com.st.stm32cube.ide.mcu.externaltools.gnu-tools-for-stm32.12.3.rel1.win32_1.1.0.202410251130/tools/bin/../lib/gcc/arm-none-eabi/12.3.1/../../../../arm-none-eabi/lib/thumb/v7e-m+fp/hard\libc_nano.a(libc_a-lock.o)
 .ARM.attributes
                0x00000933       0x34 C:/ST/STM32CubeIDE_1.17.0/STM32CubeIDE/plugins/com.st.stm32cube.ide.mcu.externaltools.gnu-tools-for-stm32.12.3.rel1.win32_1.1.0.202410251130/tools/bin/../lib/gcc/arm-none-eabi/12.3.1/../../../../arm-none-eabi/lib/thumb/v7e-m+fp/hard\libc_nano.a(libc_a-freer.o)
 .ARM.attributes
                0x00000967       0x34 C:/ST/STM32CubeIDE_1.17.0/STM32CubeIDE/plugins/com.st.stm32cube.ide.mcu.externaltools.gnu-tools-for-stm32.12.3.rel1.win32_1.1.0.202410251130/tools/bin/../lib/gcc/arm-none-eabi/12.3.1/../../../../arm-none-eabi/lib/thumb/v7e-m+fp/hard\libc_nano.a(libc_a-mallocr.o)
 .ARM.attributes
                0x0000099b       0x34 C:/ST/STM32CubeIDE_1.17.0/STM32CubeIDE/plugins/com.st.stm32cube.ide.mcu.externaltools.gnu-tools-for-stm32.12.3.rel1.win32_1.1.0.202410251130/tools/bin/../lib/gcc/arm-none-eabi/12.3.1/../../../../arm-none-eabi/lib/thumb/v7e-m+fp/hard\libc_nano.a(libc_a-mlock.o)
 .ARM.attributes
                0x000009cf       0x34 C:/ST/STM32CubeIDE_1.17.0/STM32CubeIDE/plugins/com.st.stm32cube.ide.mcu.externaltools.gnu-tools-for-stm32.12.3.rel1.win32_1.1.0.202410251130/tools/bin/../lib/gcc/arm-none-eabi/12.3.1/../../../../arm-none-eabi/lib/thumb/v7e-m+fp/hard\libc_nano.a(libc_a-nano-vfprintf.o)
 .ARM.attributes
                0x00000a03       0x34 C:/ST/STM32CubeIDE_1.17.0/STM32CubeIDE/plugins/com.st.stm32cube.ide.mcu.externaltools.gnu-tools-for-stm32.12.3.rel1.win32_1.1.0.202410251130/tools/bin/../lib/gcc/arm-none-eabi/12.3.1/../../../../arm-none-eabi/lib/thumb/v7e-m+fp/hard\libc_nano.a(libc_a-nano-vfprintf_i.o)
 .ARM.attributes
                0x00000a37       0x34 C:/ST/STM32CubeIDE_1.17.0/STM32CubeIDE/plugins/com.st.stm32cube.ide.mcu.externaltools.gnu-tools-for-stm32.12.3.rel1.win32_1.1.0.202410251130/tools/bin/../lib/gcc/arm-none-eabi/12.3.1/../../../../arm-none-eabi/lib/thumb/v7e-m+fp/hard\libc_nano.a(libc_a-fflush.o)
 .ARM.attributes
                0x00000a6b       0x34 C:/ST/STM32CubeIDE_1.17.0/STM32CubeIDE/plugins/com.st.stm32cube.ide.mcu.externaltools.gnu-tools-for-stm32.12.3.rel1.win32_1.1.0.202410251130/tools/bin/../lib/gcc/arm-none-eabi/12.3.1/../../../../arm-none-eabi/lib/thumb/v7e-m+fp/hard\libc_nano.a(libc_a-makebuf.o)
 .ARM.attributes
                0x00000a9f       0x34 C:/ST/STM32CubeIDE_1.17.0/STM32CubeIDE/plugins/com.st.stm32cube.ide.mcu.externaltools.gnu-tools-for-stm32.12.3.rel1.win32_1.1.0.202410251130/tools/bin/../lib/gcc/arm-none-eabi/12.3.1/../../../../arm-none-eabi/lib/thumb/v7e-m+fp/hard\libc_nano.a(libc_a-fstatr.o)
 .ARM.attributes
                0x00000ad3       0x34 C:/ST/STM32CubeIDE_1.17.0/STM32CubeIDE/plugins/com.st.stm32cube.ide.mcu.externaltools.gnu-tools-for-stm32.12.3.rel1.win32_1.1.0.202410251130/tools/bin/../lib/gcc/arm-none-eabi/12.3.1/../../../../arm-none-eabi/lib/thumb/v7e-m+fp/hard\libc_nano.a(libc_a-isattyr.o)
 .ARM.attributes
                0x00000b07       0x34 C:/ST/STM32CubeIDE_1.17.0/STM32CubeIDE/plugins/com.st.stm32cube.ide.mcu.externaltools.gnu-tools-for-stm32.12.3.rel1.win32_1.1.0.202410251130/tools/bin/../lib/gcc/arm-none-eabi/12.3.1/../../../../arm-none-eabi/lib/thumb/v7e-m+fp/hard\libc_nano.a(libc_a-sbrkr.o)
 .ARM.attributes
                0x00000b3b       0x1c C:/ST/STM32CubeIDE_1.17.0/STM32CubeIDE/plugins/com.st.stm32cube.ide.mcu.externaltools.gnu-tools-for-stm32.12.3.rel1.win32_1.1.0.202410251130/tools/bin/../lib/gcc/arm-none-eabi/12.3.1/../../../../arm-none-eabi/lib/thumb/v7e-m+fp/hard\libc_nano.a(libc_a-memchr.o)
 .ARM.attributes
                0x00000b57       0x22 C:/ST/STM32CubeIDE_1.17.0/STM32CubeIDE/plugins/com.st.stm32cube.ide.mcu.externaltools.gnu-tools-for-stm32.12.3.rel1.win32_1.1.0.202410251130/tools/bin/../lib/gcc/arm-none-eabi/12.3.1/thumb/v7e-m+fp/hard\libgcc.a(_aeabi_uldivmod.o)
 .ARM.attributes
                0x00000b79       0x34 C:/ST/STM32CubeIDE_1.17.0/STM32CubeIDE/plugins/com.st.stm32cube.ide.mcu.externaltools.gnu-tools-for-stm32.12.3.rel1.win32_1.1.0.202410251130/tools/bin/../lib/gcc/arm-none-eabi/12.3.1/thumb/v7e-m+fp/hard\libgcc.a(_udivmoddi4.o)
 .ARM.attributes
                0x00000bad       0x22 C:/ST/STM32CubeIDE_1.17.0/STM32CubeIDE/plugins/com.st.stm32cube.ide.mcu.externaltools.gnu-tools-for-stm32.12.3.rel1.win32_1.1.0.202410251130/tools/bin/../lib/gcc/arm-none-eabi/12.3.1/thumb/v7e-m+fp/hard\libgcc.a(_dvmd_tls.o)
 .ARM.attributes
                0x00000bcf       0x22 C:/ST/STM32CubeIDE_1.17.0/STM32CubeIDE/plugins/com.st.stm32cube.ide.mcu.externaltools.gnu-tools-for-stm32.12.3.rel1.win32_1.1.0.202410251130/tools/bin/../lib/gcc/arm-none-eabi/12.3.1/thumb/v7e-m+fp/hard/crtn.o
OUTPUT(MGorboldMcCardleFinalProject.elf elf32-littlearm)
LOAD linker stubs
LOAD C:/ST/STM32CubeIDE_1.17.0/STM32CubeIDE/plugins/com.st.stm32cube.ide.mcu.externaltools.gnu-tools-for-stm32.12.3.rel1.win32_1.1.0.202410251130/tools/bin/../lib/gcc/arm-none-eabi/12.3.1/../../../../arm-none-eabi/lib/thumb/v7e-m+fp/hard\libc.a
LOAD C:/ST/STM32CubeIDE_1.17.0/STM32CubeIDE/plugins/com.st.stm32cube.ide.mcu.externaltools.gnu-tools-for-stm32.12.3.rel1.win32_1.1.0.202410251130/tools/bin/../lib/gcc/arm-none-eabi/12.3.1/../../../../arm-none-eabi/lib/thumb/v7e-m+fp/hard\libm.a
LOAD C:/ST/STM32CubeIDE_1.17.0/STM32CubeIDE/plugins/com.st.stm32cube.ide.mcu.externaltools.gnu-tools-for-stm32.12.3.rel1.win32_1.1.0.202410251130/tools/bin/../lib/gcc/arm-none-eabi/12.3.1/thumb/v7e-m+fp/hard\libgcc.a

.debug_info     0x00000000    0x149c6
 .debug_info    0x00000000      0x621 ./Core/Src/ApplicationCode.o
 .debug_info    0x00000621      0x6a2 ./Core/Src/Button_Driver.o
 .debug_info    0x00000cc3      0xd33 ./Core/Src/Game.o
 .debug_info    0x000019f6      0x453 ./Core/Src/InterruptControl.o
 .debug_info    0x00001e49     0x103e ./Core/Src/LCD_Driver.o
 .debug_info    0x00002e87      0x145 ./Core/Src/fonts.o
 .debug_info    0x00002fcc      0xc85 ./Core/Src/ili9341.o
 .debug_info    0x00003c51     0x191f ./Core/Src/main.o
 .debug_info    0x00005570     0x17b6 ./Core/Src/stm32f4xx_hal_msp.o
 .debug_info    0x00006d26      0x112 ./Core/Src/stm32f4xx_it.o
 .debug_info    0x00006e38      0xdd6 ./Core/Src/stmpe811.o
 .debug_info    0x00007c0e      0x6a3 ./Core/Src/syscalls.o
 .debug_info    0x000082b1      0x168 ./Core/Src/sysmem.o
 .debug_info    0x00008419      0x52e ./Core/Src/system_stm32f4xx.o
 .debug_info    0x00008947       0x30 ./Core/Startup/startup_stm32f429zitx.o
 .debug_info    0x00008977      0x9ba ./Drivers/STM32F4xx_HAL_Driver/Src/stm32f4xx_hal.o
 .debug_info    0x00009331      0xdc2 ./Drivers/STM32F4xx_HAL_Driver/Src/stm32f4xx_hal_cortex.o
 .debug_info    0x0000a0f3      0x6db ./Drivers/STM32F4xx_HAL_Driver/Src/stm32f4xx_hal_gpio.o
 .debug_info    0x0000a7ce     0x2421 ./Drivers/STM32F4xx_HAL_Driver/Src/stm32f4xx_hal_i2c.o
 .debug_info    0x0000cbef      0x672 ./Drivers/STM32F4xx_HAL_Driver/Src/stm32f4xx_hal_i2c_ex.o
 .debug_info    0x0000d261     0x1022 ./Drivers/STM32F4xx_HAL_Driver/Src/stm32f4xx_hal_ltdc.o
 .debug_info    0x0000e283      0x8c7 ./Drivers/STM32F4xx_HAL_Driver/Src/stm32f4xx_hal_rcc.o
 .debug_info    0x0000eb4a      0x64c ./Drivers/STM32F4xx_HAL_Driver/Src/stm32f4xx_hal_rcc_ex.o
 .debug_info    0x0000f196      0x493 ./Drivers/STM32F4xx_HAL_Driver/Src/stm32f4xx_hal_rng.o
 .debug_info    0x0000f629     0x1525 ./Drivers/STM32F4xx_HAL_Driver/Src/stm32f4xx_hal_spi.o
 .debug_info    0x00010b4e     0x299d ./Drivers/STM32F4xx_HAL_Driver/Src/stm32f4xx_hal_tim.o
 .debug_info    0x000134eb     0x14db ./Drivers/STM32F4xx_HAL_Driver/Src/stm32f4xx_hal_tim_ex.o

.debug_abbrev   0x00000000     0x352d
 .debug_abbrev  0x00000000      0x171 ./Core/Src/ApplicationCode.o
 .debug_abbrev  0x00000171      0x198 ./Core/Src/Button_Driver.o
 .debug_abbrev  0x00000309      0x337 ./Core/Src/Game.o
 .debug_abbrev  0x00000640      0x12e ./Core/Src/InterruptControl.o
 .debug_abbrev  0x0000076e      0x32c ./Core/Src/LCD_Driver.o
 .debug_abbrev  0x00000a9a       0xc6 ./Core/Src/fonts.o
 .debug_abbrev  0x00000b60      0x2c9 ./Core/Src/ili9341.o
 .debug_abbrev  0x00000e29      0x2e0 ./Core/Src/main.o
 .debug_abbrev  0x00001109      0x25c ./Core/Src/stm32f4xx_hal_msp.o
 .debug_abbrev  0x00001365       0x73 ./Core/Src/stm32f4xx_it.o
 .debug_abbrev  0x000013d8      0x2c9 ./Core/Src/stmpe811.o
 .debug_abbrev  0x000016a1      0x1b6 ./Core/Src/syscalls.o
 .debug_abbrev  0x00001857       0xbc ./Core/Src/sysmem.o
 .debug_abbrev  0x00001913      0x11a ./Core/Src/system_stm32f4xx.o
 .debug_abbrev  0x00001a2d       0x24 ./Core/Startup/startup_stm32f429zitx.o
 .debug_abbrev  0x00001a51      0x214 ./Drivers/STM32F4xx_HAL_Driver/Src/stm32f4xx_hal.o
 .debug_abbrev  0x00001c65      0x31d ./Drivers/STM32F4xx_HAL_Driver/Src/stm32f4xx_hal_cortex.o
 .debug_abbrev  0x00001f82      0x1d4 ./Drivers/STM32F4xx_HAL_Driver/Src/stm32f4xx_hal_gpio.o
 .debug_abbrev  0x00002156      0x2ad ./Drivers/STM32F4xx_HAL_Driver/Src/stm32f4xx_hal_i2c.o
 .debug_abbrev  0x00002403      0x157 ./Drivers/STM32F4xx_HAL_Driver/Src/stm32f4xx_hal_i2c_ex.o
 .debug_abbrev  0x0000255a      0x233 ./Drivers/STM32F4xx_HAL_Driver/Src/stm32f4xx_hal_ltdc.o
 .debug_abbrev  0x0000278d      0x2b7 ./Drivers/STM32F4xx_HAL_Driver/Src/stm32f4xx_hal_rcc.o
 .debug_abbrev  0x00002a44      0x1b0 ./Drivers/STM32F4xx_HAL_Driver/Src/stm32f4xx_hal_rcc_ex.o
 .debug_abbrev  0x00002bf4      0x1c4 ./Drivers/STM32F4xx_HAL_Driver/Src/stm32f4xx_hal_rng.o
 .debug_abbrev  0x00002db8      0x27a ./Drivers/STM32F4xx_HAL_Driver/Src/stm32f4xx_hal_spi.o
 .debug_abbrev  0x00003032      0x278 ./Drivers/STM32F4xx_HAL_Driver/Src/stm32f4xx_hal_tim.o
 .debug_abbrev  0x000032aa      0x283 ./Drivers/STM32F4xx_HAL_Driver/Src/stm32f4xx_hal_tim_ex.o

.debug_aranges  0x00000000     0x1498
 .debug_aranges
                0x00000000       0x38 ./Core/Src/ApplicationCode.o
 .debug_aranges
                0x00000038       0x30 ./Core/Src/Button_Driver.o
 .debug_aranges
                0x00000068       0x88 ./Core/Src/Game.o
 .debug_aranges
                0x000000f0       0x40 ./Core/Src/InterruptControl.o
 .debug_aranges
                0x00000130       0xc8 ./Core/Src/LCD_Driver.o
 .debug_aranges
                0x000001f8       0x18 ./Core/Src/fonts.o
 .debug_aranges
                0x00000210       0x98 ./Core/Src/ili9341.o
 .debug_aranges
                0x000002a8       0x60 ./Core/Src/main.o
 .debug_aranges
                0x00000308       0x70 ./Core/Src/stm32f4xx_hal_msp.o
 .debug_aranges
                0x00000378       0x60 ./Core/Src/stm32f4xx_it.o
 .debug_aranges
                0x000003d8       0x88 ./Core/Src/stmpe811.o
 .debug_aranges
                0x00000460       0xa8 ./Core/Src/syscalls.o
 .debug_aranges
                0x00000508       0x20 ./Core/Src/sysmem.o
 .debug_aranges
                0x00000528       0x28 ./Core/Src/system_stm32f4xx.o
 .debug_aranges
                0x00000550       0x28 ./Core/Startup/startup_stm32f429zitx.o
 .debug_aranges
                0x00000578      0x100 ./Drivers/STM32F4xx_HAL_Driver/Src/stm32f4xx_hal.o
 .debug_aranges
                0x00000678      0x130 ./Drivers/STM32F4xx_HAL_Driver/Src/stm32f4xx_hal_cortex.o
 .debug_aranges
                0x000007a8       0x58 ./Drivers/STM32F4xx_HAL_Driver/Src/stm32f4xx_hal_gpio.o
 .debug_aranges
                0x00000800      0x2a8 ./Drivers/STM32F4xx_HAL_Driver/Src/stm32f4xx_hal_i2c.o
 .debug_aranges
                0x00000aa8       0x28 ./Drivers/STM32F4xx_HAL_Driver/Src/stm32f4xx_hal_i2c_ex.o
 .debug_aranges
                0x00000ad0      0x158 ./Drivers/STM32F4xx_HAL_Driver/Src/stm32f4xx_hal_ltdc.o
 .debug_aranges
                0x00000c28       0x88 ./Drivers/STM32F4xx_HAL_Driver/Src/stm32f4xx_hal_rcc.o
 .debug_aranges
                0x00000cb0       0x58 ./Drivers/STM32F4xx_HAL_Driver/Src/stm32f4xx_hal_rcc_ex.o
 .debug_aranges
                0x00000d08       0x88 ./Drivers/STM32F4xx_HAL_Driver/Src/stm32f4xx_hal_rng.o
 .debug_aranges
                0x00000d90      0x1d0 ./Drivers/STM32F4xx_HAL_Driver/Src/stm32f4xx_hal_spi.o
 .debug_aranges
                0x00000f60      0x3d0 ./Drivers/STM32F4xx_HAL_Driver/Src/stm32f4xx_hal_tim.o
 .debug_aranges
                0x00001330      0x168 ./Drivers/STM32F4xx_HAL_Driver/Src/stm32f4xx_hal_tim_ex.o

.debug_rnglists
                0x00000000      0xfd7
 .debug_rnglists
                0x00000000       0x26 ./Core/Src/ApplicationCode.o
 .debug_rnglists
                0x00000026       0x1f ./Core/Src/Button_Driver.o
 .debug_rnglists
                0x00000045       0x68 ./Core/Src/Game.o
 .debug_rnglists
                0x000000ad       0x2b ./Core/Src/InterruptControl.o
 .debug_rnglists
                0x000000d8       0x99 ./Core/Src/LCD_Driver.o
 .debug_rnglists
                0x00000171       0x6f ./Core/Src/ili9341.o
 .debug_rnglists
                0x000001e0       0x48 ./Core/Src/main.o
 .debug_rnglists
                0x00000228       0x53 ./Core/Src/stm32f4xx_hal_msp.o
 .debug_rnglists
                0x0000027b       0x43 ./Core/Src/stm32f4xx_it.o
 .debug_rnglists
                0x000002be       0x67 ./Core/Src/stmpe811.o
 .debug_rnglists
                0x00000325       0x79 ./Core/Src/syscalls.o
 .debug_rnglists
                0x0000039e       0x13 ./Core/Src/sysmem.o
 .debug_rnglists
                0x000003b1       0x1a ./Core/Src/system_stm32f4xx.o
 .debug_rnglists
                0x000003cb       0x19 ./Core/Startup/startup_stm32f429zitx.o
 .debug_rnglists
                0x000003e4       0xbb ./Drivers/STM32F4xx_HAL_Driver/Src/stm32f4xx_hal.o
 .debug_rnglists
                0x0000049f       0xe0 ./Drivers/STM32F4xx_HAL_Driver/Src/stm32f4xx_hal_cortex.o
 .debug_rnglists
                0x0000057f       0x3f ./Drivers/STM32F4xx_HAL_Driver/Src/stm32f4xx_hal_gpio.o
 .debug_rnglists
                0x000005be      0x23c ./Drivers/STM32F4xx_HAL_Driver/Src/stm32f4xx_hal_i2c.o
 .debug_rnglists
                0x000007fa       0x19 ./Drivers/STM32F4xx_HAL_Driver/Src/stm32f4xx_hal_i2c_ex.o
 .debug_rnglists
                0x00000813      0x10a ./Drivers/STM32F4xx_HAL_Driver/Src/stm32f4xx_hal_ltdc.o
 .debug_rnglists
                0x0000091d       0x66 ./Drivers/STM32F4xx_HAL_Driver/Src/stm32f4xx_hal_rcc.o
 .debug_rnglists
                0x00000983       0x43 ./Drivers/STM32F4xx_HAL_Driver/Src/stm32f4xx_hal_rcc_ex.o
 .debug_rnglists
                0x000009c6       0x63 ./Drivers/STM32F4xx_HAL_Driver/Src/stm32f4xx_hal_rng.o
 .debug_rnglists
                0x00000a29      0x16f ./Drivers/STM32F4xx_HAL_Driver/Src/stm32f4xx_hal_spi.o
 .debug_rnglists
                0x00000b98      0x31a ./Drivers/STM32F4xx_HAL_Driver/Src/stm32f4xx_hal_tim.o
 .debug_rnglists
                0x00000eb2      0x125 ./Drivers/STM32F4xx_HAL_Driver/Src/stm32f4xx_hal_tim_ex.o

.debug_macro    0x00000000    0x27592
 .debug_macro   0x00000000      0x3a6 ./Core/Src/ApplicationCode.o
 .debug_macro   0x000003a6      0xab4 ./Core/Src/ApplicationCode.o
 .debug_macro   0x00000e5a      0x2ad ./Core/Src/ApplicationCode.o
 .debug_macro   0x00001107       0x2e ./Core/Src/ApplicationCode.o
 .debug_macro   0x00001135       0x28 ./Core/Src/ApplicationCode.o
 .debug_macro   0x0000115d       0x22 ./Core/Src/ApplicationCode.o
 .debug_macro   0x0000117f       0x8e ./Core/Src/ApplicationCode.o
 .debug_macro   0x0000120d       0x51 ./Core/Src/ApplicationCode.o
 .debug_macro   0x0000125e      0x103 ./Core/Src/ApplicationCode.o
 .debug_macro   0x00001361       0x6a ./Core/Src/ApplicationCode.o
 .debug_macro   0x000013cb      0x1df ./Core/Src/ApplicationCode.o
 .debug_macro   0x000015aa       0x1c ./Core/Src/ApplicationCode.o
 .debug_macro   0x000015c6       0x22 ./Core/Src/ApplicationCode.o
 .debug_macro   0x000015e8       0xfb ./Core/Src/ApplicationCode.o
 .debug_macro   0x000016e3     0x1011 ./Core/Src/ApplicationCode.o
 .debug_macro   0x000026f4      0x11f ./Core/Src/ApplicationCode.o
 .debug_macro   0x00002813    0x17fd8 ./Core/Src/ApplicationCode.o
 .debug_macro   0x0001a7eb       0x6d ./Core/Src/ApplicationCode.o
 .debug_macro   0x0001a858     0x3711 ./Core/Src/ApplicationCode.o
 .debug_macro   0x0001df69      0x189 ./Core/Src/ApplicationCode.o
 .debug_macro   0x0001e0f2       0x5c ./Core/Src/ApplicationCode.o
 .debug_macro   0x0001e14e      0xcba ./Core/Src/ApplicationCode.o
 .debug_macro   0x0001ee08      0x9e9 ./Core/Src/ApplicationCode.o
 .debug_macro   0x0001f7f1      0x115 ./Core/Src/ApplicationCode.o
 .debug_macro   0x0001f906      0x156 ./Core/Src/ApplicationCode.o
 .debug_macro   0x0001fa5c       0xa5 ./Core/Src/ApplicationCode.o
 .debug_macro   0x0001fb01      0x182 ./Core/Src/ApplicationCode.o
 .debug_macro   0x0001fc83      0x287 ./Core/Src/ApplicationCode.o